Archive member included to satisfy reference by file (symbol)

../libdaisy/build/libdaisy.a(daisy_seed.o)
                              build/pluck.o (daisy::DaisySeed::Configure())
../libdaisy/build/libdaisy.a(codec_ak4556.o)
                              ../libdaisy/build/libdaisy.a(daisy_seed.o) (daisy::Ak4556::Init(dsy_gpio_pin))
../libdaisy/build/libdaisy.a(codec_wm8731.o)
                              ../libdaisy/build/libdaisy.a(daisy_seed.o) (daisy::Wm8731::Init(daisy::Wm8731::Config const&, daisy::I2CHandle))
../libdaisy/build/libdaisy.a(sdram.o)
                              ../libdaisy/build/libdaisy.a(daisy_seed.o) (SdramHandle::Init())
../libdaisy/build/libdaisy.a(audio.o)
                              ../libdaisy/build/libdaisy.a(daisy_seed.o) (daisy::AudioHandle::Init(daisy::AudioHandle::Config const&, daisy::SaiHandle))
../libdaisy/build/libdaisy.a(gpio.o)
                              ../libdaisy/build/libdaisy.a(daisy_seed.o) (dsy_gpio_init)
../libdaisy/build/libdaisy.a(i2c.o)
                              ../libdaisy/build/libdaisy.a(daisy_seed.o) (daisy::I2CHandle::Init(daisy::I2CHandle::Config const&))
../libdaisy/build/libdaisy.a(qspi.o)
                              ../libdaisy/build/libdaisy.a(daisy_seed.o) (daisy::QSPIHandle::Init(daisy::QSPIHandle::Config const&))
../libdaisy/build/libdaisy.a(sai.o)
                              ../libdaisy/build/libdaisy.a(daisy_seed.o) (daisy::SaiHandle::Init(daisy::SaiHandle::Config const&))
../libdaisy/build/libdaisy.a(uart.o)
                              build/pluck.o (daisy::UartHandler::Init(daisy::UartHandler::Config const&))
../libdaisy/build/libdaisy.a(system.o)
                              ../libdaisy/build/libdaisy.a(daisy_seed.o) (daisy::System::DeInit())
../libdaisy/build/libdaisy.a(system_stm32h7xx.o)
                              build/startup_stm32h750xx.o (SystemInit)
../libdaisy/build/libdaisy.a(usbd_conf.o)
                              ../libdaisy/build/libdaisy.a(system.o) (hpcd_USB_OTG_HS)
../libdaisy/build/libdaisy.a(usbh_conf.o)
                              ../libdaisy/build/libdaisy.a(system.o) (hhcd_USB_OTG_HS)
../libdaisy/build/libdaisy.a(hal_map.o)
                              ../libdaisy/build/libdaisy.a(gpio.o) (dsy_hal_map_get_port)
../libdaisy/build/libdaisy.a(stm32h7xx_hal.o)
                              ../libdaisy/build/libdaisy.a(system.o) (HAL_Init)
../libdaisy/build/libdaisy.a(stm32h7xx_hal_cortex.o)
                              ../libdaisy/build/libdaisy.a(stm32h7xx_hal.o) (HAL_NVIC_SetPriorityGrouping)
../libdaisy/build/libdaisy.a(stm32h7xx_hal_dma.o)
                              ../libdaisy/build/libdaisy.a(i2c.o) (HAL_DMA_Init)
../libdaisy/build/libdaisy.a(stm32h7xx_hal_gpio.o)
                              ../libdaisy/build/libdaisy.a(sdram.o) (HAL_GPIO_Init)
../libdaisy/build/libdaisy.a(stm32h7xx_hal_hcd.o)
                              ../libdaisy/build/libdaisy.a(usbh_conf.o) (HAL_HCD_HC_Init)
../libdaisy/build/libdaisy.a(stm32h7xx_hal_i2c.o)
                              ../libdaisy/build/libdaisy.a(i2c.o) (HAL_I2C_Init)
../libdaisy/build/libdaisy.a(stm32h7xx_hal_i2c_ex.o)
                              ../libdaisy/build/libdaisy.a(i2c.o) (HAL_I2CEx_ConfigAnalogFilter)
../libdaisy/build/libdaisy.a(stm32h7xx_hal_pcd.o)
                              ../libdaisy/build/libdaisy.a(usbd_conf.o) (HAL_PCD_Init)
../libdaisy/build/libdaisy.a(stm32h7xx_hal_pcd_ex.o)
                              ../libdaisy/build/libdaisy.a(usbd_conf.o) (HAL_PCDEx_SetTxFiFo)
../libdaisy/build/libdaisy.a(stm32h7xx_hal_pwr_ex.o)
                              ../libdaisy/build/libdaisy.a(system.o) (HAL_PWREx_ConfigSupply)
../libdaisy/build/libdaisy.a(stm32h7xx_hal_qspi.o)
                              ../libdaisy/build/libdaisy.a(qspi.o) (HAL_QSPI_Init)
../libdaisy/build/libdaisy.a(stm32h7xx_hal_rcc.o)
                              ../libdaisy/build/libdaisy.a(system.o) (HAL_RCC_OscConfig)
../libdaisy/build/libdaisy.a(stm32h7xx_hal_rcc_ex.o)
                              ../libdaisy/build/libdaisy.a(system.o) (HAL_RCCEx_PeriphCLKConfig)
../libdaisy/build/libdaisy.a(stm32h7xx_hal_sai.o)
                              ../libdaisy/build/libdaisy.a(sai.o) (HAL_SAI_InitProtocol)
../libdaisy/build/libdaisy.a(stm32h7xx_hal_sdram.o)
                              ../libdaisy/build/libdaisy.a(sdram.o) (HAL_SDRAM_Init)
../libdaisy/build/libdaisy.a(stm32h7xx_hal_uart.o)
                              ../libdaisy/build/libdaisy.a(uart.o) (HAL_UART_Transmit)
../libdaisy/build/libdaisy.a(stm32h7xx_hal_uart_ex.o)
                              ../libdaisy/build/libdaisy.a(stm32h7xx_hal_uart.o) (HAL_UARTEx_WakeupCallback)
../libdaisy/build/libdaisy.a(stm32h7xx_ll_fmc.o)
                              ../libdaisy/build/libdaisy.a(stm32h7xx_hal_sdram.o) (FMC_SDRAM_Init)
../libdaisy/build/libdaisy.a(stm32h7xx_ll_usb.o)
                              ../libdaisy/build/libdaisy.a(stm32h7xx_hal_hcd.o) (USB_CoreInit)
[...]
Memory Configuration

Name             Origin             Length             Attributes
FLASH            0x0000000008000000 0x0000000000020000 xr
DTCMRAM          0x0000000020000000 0x0000000000020000 xrw
SRAM             0x0000000024000000 0x0000000000080000 xrw
RAM_D2           0x0000000030000000 0x0000000000048000 xrw
RAM_D3           0x0000000038000000 0x0000000000010000 xrw
ITCMRAM          0x0000000000000000 0x0000000000010000 xrw
SDRAM            0x00000000c0000000 0x0000000004000000 xrw
QSPIFLASH        0x0000000090000000 0x0000000000800000 xr
*default*        0x0000000000000000 0xffffffffffffffff

Linker script and memory map

LOAD /usr/local/Cellar/arm-none-eabi-gcc/9-2019-q4-major/gcc/bin/../lib/gcc/arm-none-eabi/9.2.1/thumb/v7e-m+dp/hard/crti.o
LOAD /usr/local/Cellar/arm-none-eabi-gcc/9-2019-q4-major/gcc/bin/../lib/gcc/arm-none-eabi/9.2.1/thumb/v7e-m+dp/hard/crtbegin.o
LOAD /usr/local/Cellar/arm-none-eabi-gcc/9-2019-q4-major/gcc/bin/../lib/gcc/arm-none-eabi/9.2.1/../../../../arm-none-eabi/lib/thumb/v7e-m+dp/hard/crt0.o
LOAD build/startup_stm32h750xx.o
LOAD build/pluck.o
LOAD ../libdaisy/build/libdaisy.a
LOAD /usr/local/Cellar/arm-none-eabi-gcc/9-2019-q4-major/gcc/bin/../lib/gcc/arm-none-eabi/9.2.1/../../../../arm-none-eabi/lib/thumb/v7e-m+dp/hard/libnosys.a
LOAD ../DaisySP/build/libdaisysp.a
LOAD /usr/local/Cellar/arm-none-eabi-gcc/9-2019-q4-major/gcc/bin/../lib/gcc/arm-none-eabi/9.2.1/../../../../arm-none-eabi/lib/thumb/v7e-m+dp/hard/libstdc++_nano.a
LOAD /usr/local/Cellar/arm-none-eabi-gcc/9-2019-q4-major/gcc/bin/../lib/gcc/arm-none-eabi/9.2.1/../../../../arm-none-eabi/lib/thumb/v7e-m+dp/hard/libm.a
LOAD /usr/local/Cellar/arm-none-eabi-gcc/9-2019-q4-major/gcc/bin/../lib/gcc/arm-none-eabi/9.2.1/../../../../arm-none-eabi/lib/thumb/v7e-m+dp/hard/libc_nano.a
START GROUP
LOAD /usr/local/Cellar/arm-none-eabi-gcc/9-2019-q4-major/gcc/bin/../lib/gcc/arm-none-eabi/9.2.1/thumb/v7e-m+dp/hard/libgcc.a
LOAD /usr/local/Cellar/arm-none-eabi-gcc/9-2019-q4-major/gcc/bin/../lib/gcc/arm-none-eabi/9.2.1/../../../../arm-none-eabi/lib/thumb/v7e-m+dp/hard/libc_nano.a
END GROUP
START GROUP
LOAD /usr/local/Cellar/arm-none-eabi-gcc/9-2019-q4-major/gcc/bin/../lib/gcc/arm-none-eabi/9.2.1/thumb/v7e-m+dp/hard/libgcc.a
LOAD /usr/local/Cellar/arm-none-eabi-gcc/9-2019-q4-major/gcc/bin/../lib/gcc/arm-none-eabi/9.2.1/../../../../arm-none-eabi/lib/thumb/v7e-m+dp/hard/libc_nano.a
LOAD /usr/local/Cellar/arm-none-eabi-gcc/9-2019-q4-major/gcc/bin/../lib/gcc/arm-none-eabi/9.2.1/../../../../arm-none-eabi/lib/thumb/v7e-m+dp/hard/libnosys.a
END GROUP
START GROUP
LOAD /usr/local/Cellar/arm-none-eabi-gcc/9-2019-q4-major/gcc/bin/../lib/gcc/arm-none-eabi/9.2.1/thumb/v7e-m+dp/hard/libgcc.a
LOAD /usr/local/Cellar/arm-none-eabi-gcc/9-2019-q4-major/gcc/bin/../lib/gcc/arm-none-eabi/9.2.1/../../../../arm-none-eabi/lib/thumb/v7e-m+dp/hard/libc_nano.a
LOAD /usr/local/Cellar/arm-none-eabi-gcc/9-2019-q4-major/gcc/bin/../lib/gcc/arm-none-eabi/9.2.1/../../../../arm-none-eabi/lib/thumb/v7e-m+dp/hard/libnosys.a
END GROUP
LOAD /usr/local/Cellar/arm-none-eabi-gcc/9-2019-q4-major/gcc/bin/../lib/gcc/arm-none-eabi/9.2.1/thumb/v7e-m+dp/hard/crtend.o
LOAD /usr/local/Cellar/arm-none-eabi-gcc/9-2019-q4-major/gcc/bin/../lib/gcc/arm-none-eabi/9.2.1/thumb/v7e-m+dp/hard/crtn.o
                0x0000000020020000                _estack = 0x20020000

.isr_vector     0x0000000008000000      0x298
                0x0000000008000000                . = ALIGN (0x4)
 *(.isr_vector)
 .isr_vector    0x0000000008000000      0x298 build/startup_stm32h750xx.o
                0x0000000008000000                g_pfnVectors
                0x0000000008000298                . = ALIGN (0x4)

.text           0x0000000008000298    0x11e48
                0x0000000008000298                . = ALIGN (0x4)
                0x0000000008000298                _stext = .
 *(.text)
 .text          0x0000000008000298       0x40 /usr/local/Cellar/arm-none-eabi-gcc/9-2019-q4-major/gcc/bin/../lib/gcc/arm-none-eabi/9.2.1/thumb/v7e-m+dp/hard/crtbegin.o
 .text          0x00000000080002d8      0x378 /usr/local/Cellar/arm-none-eabi-gcc/9-2019-q4-major/gcc/bin/../lib/gcc/arm-none-eabi/9.2.1/thumb/v7e-m+dp/hard/libgcc.a(_arm_addsubdf3.o)
                0x00000000080002d8                __aeabi_drsub
                0x00000000080002e0                __subdf3
                0x00000000080002e0                __aeabi_dsub
                0x00000000080002e4                __aeabi_dadd
                0x00000000080002e4                __adddf3
                0x000000000800055c                __aeabi_ui2d
                0x000000000800055c                __floatunsidf
                0x000000000800057c                __floatsidf
                0x000000000800057c                __aeabi_i2d
                0x00000000080005a0                __extendsfdf2
                0x00000000080005a0                __aeabi_f2d
                0x00000000080005e4                __aeabi_ul2d
                0x00000000080005e4                __floatundidf
                0x00000000080005f4                __aeabi_l2d
                0x00000000080005f4                __floatdidf
 .text          0x0000000008000650       0x30 /usr/local/Cellar/arm-none-eabi-gcc/9-2019-q4-major/gcc/bin/../lib/gcc/arm-none-eabi/9.2.1/thumb/v7e-m+dp/hard/libgcc.a(_aeabi_uldivmod.o)
                0x0000000008000650                __aeabi_uldivmod
 .text          0x0000000008000680      0x2c4 /usr/local/Cellar/arm-none-eabi-gcc/9-2019-q4-major/gcc/bin/../lib/gcc/arm-none-eabi/9.2.1/thumb/v7e-m+dp/hard/libgcc.a(_udivmoddi4.o)
                0x0000000008000680                __udivmoddi4
 .text          0x0000000008000944        0x4 /usr/local/Cellar/arm-none-eabi-gcc/9-2019-q4-major/gcc/bin/../lib/gcc/arm-none-eabi/9.2.1/thumb/v7e-m+dp/hard/libgcc.a(_dvmd_tls.o)
                0x0000000008000944                __aeabi_ldiv0
                0x0000000008000944                __aeabi_idiv0
 *(.text*)
 .text.Default_Handler
                0x0000000008000948        0x4 build/startup_stm32h750xx.o
                0x0000000008000948                SAI1_IRQHandler
                0x0000000008000948                HASH_RNG_IRQHandler
                0x0000000008000948                EXTI2_IRQHandler
                0x0000000008000948                TIM8_CC_IRQHandler
                0x0000000008000948                HRTIM1_Master_IRQHandler
                0x0000000008000948                DebugMon_Handler
                0x0000000008000948                SPI4_IRQHandler
                0x0000000008000948                TIM1_CC_IRQHandler
                0x0000000008000948                BDMA_Channel6_IRQHandler
                0x0000000008000948                DMA2_Stream5_IRQHandler
                0x0000000008000948                HRTIM1_FLT_IRQHandler
                0x0000000008000948                JPEG_IRQHandler
                0x0000000008000948                BDMA_Channel1_IRQHandler
                0x0000000008000948                HRTIM1_TIMD_IRQHandler
                0x0000000008000948                TAMP_STAMP_IRQHandler
                0x0000000008000948                PendSV_Handler
                0x0000000008000948                NMI_Handler
                0x0000000008000948                EXTI3_IRQHandler
                0x0000000008000948                LPTIM4_IRQHandler
                0x0000000008000948                TIM8_TRG_COM_TIM14_IRQHandler
                0x0000000008000948                LPTIM2_IRQHandler
                0x0000000008000948                DFSDM1_FLT1_IRQHandler
                0x0000000008000948                DMAMUX2_OVR_IRQHandler
                0x0000000008000948                TIM8_UP_TIM13_IRQHandler
                0x0000000008000948                I2C3_ER_IRQHandler
                0x0000000008000948                DFSDM1_FLT2_IRQHandler
                0x0000000008000948                MDMA_IRQHandler
                0x0000000008000948                LPTIM3_IRQHandler
                0x0000000008000948                HSEM1_IRQHandler
                0x0000000008000948                EXTI0_IRQHandler
                0x0000000008000948                DMA1_Stream2_IRQHandler
                0x0000000008000948                FPU_IRQHandler
                0x0000000008000948                OTG_HS_WKUP_IRQHandler
                0x0000000008000948                FDCAN1_IT1_IRQHandler
                0x0000000008000948                UsageFault_Handler
                0x0000000008000948                LTDC_ER_IRQHandler
                0x0000000008000948                HRTIM1_TIME_IRQHandler
                0x0000000008000948                TIM6_DAC_IRQHandler
                0x0000000008000948                DCMI_IRQHandler
                0x0000000008000948                HRTIM1_TIMC_IRQHandler
                0x0000000008000948                SAI2_IRQHandler
                0x0000000008000948                DFSDM1_FLT3_IRQHandler
                0x0000000008000948                TIM17_IRQHandler
                0x0000000008000948                CRYP_IRQHandler
                0x0000000008000948                BDMA_Channel7_IRQHandler
                0x0000000008000948                LPTIM5_IRQHandler
                0x0000000008000948                ADC3_IRQHandler
                0x0000000008000948                DMA2_Stream0_IRQHandler
                0x0000000008000948                BDMA_Channel2_IRQHandler
                0x0000000008000948                DMAMUX1_OVR_IRQHandler
                0x0000000008000948                TIM16_IRQHandler
                0x0000000008000948                BDMA_Channel5_IRQHandler
                0x0000000008000948                RCC_IRQHandler
                0x0000000008000948                TIM8_BRK_TIM12_IRQHandler
                0x0000000008000948                TIM1_TRG_COM_IRQHandler
                0x0000000008000948                Default_Handler
                0x0000000008000948                ECC_IRQHandler
                0x0000000008000948                CEC_IRQHandler
                0x0000000008000948                EXTI15_10_IRQHandler
                0x0000000008000948                BDMA_Channel0_IRQHandler
                0x0000000008000948                ADC_IRQHandler
                0x0000000008000948                DMA1_Stream7_IRQHandler
                0x0000000008000948                HRTIM1_TIMA_IRQHandler
                0x0000000008000948                SPI5_IRQHandler
                0x0000000008000948                TIM7_IRQHandler
                0x0000000008000948                SDMMC1_IRQHandler
                0x0000000008000948                DMA2_Stream7_IRQHandler
                0x0000000008000948                TIM15_IRQHandler
                0x0000000008000948                PVD_AVD_IRQHandler
                0x0000000008000948                EXTI9_5_IRQHandler
                0x0000000008000948                RTC_WKUP_IRQHandler
                0x0000000008000948                LTDC_IRQHandler
                0x0000000008000948                SAI3_IRQHandler
                0x0000000008000948                ETH_WKUP_IRQHandler
                0x0000000008000948                SPDIF_RX_IRQHandler
                0x0000000008000948                SPI2_IRQHandler
                0x0000000008000948                MemManage_Handler
                0x0000000008000948                SVC_Handler
                0x0000000008000948                CRS_IRQHandler
                0x0000000008000948                EXTI4_IRQHandler
                0x0000000008000948                HRTIM1_TIMB_IRQHandler
                0x0000000008000948                FDCAN2_IT1_IRQHandler
                0x0000000008000948                ETH_IRQHandler
                0x0000000008000948                TIM1_UP_IRQHandler
                0x0000000008000948                BDMA_Channel4_IRQHandler
                0x0000000008000948                WWDG_IRQHandler
                0x0000000008000948                SPI6_IRQHandler
                0x0000000008000948                I2C4_EV_IRQHandler
                0x0000000008000948                MDIOS_IRQHandler
                0x0000000008000948                FDCAN2_IT0_IRQHandler
                0x0000000008000948                FDCAN1_IT0_IRQHandler
                0x0000000008000948                OTG_FS_WKUP_IRQHandler
                0x0000000008000948                DMA2D_IRQHandler
                0x0000000008000948                TIM1_BRK_IRQHandler
                0x0000000008000948                EXTI1_IRQHandler
                0x0000000008000948                SDMMC2_IRQHandler
                0x0000000008000948                OTG_FS_EP1_OUT_IRQHandler
                0x0000000008000948                BDMA_Channel3_IRQHandler
                0x0000000008000948                MDIOS_WKUP_IRQHandler
                0x0000000008000948                DFSDM1_FLT0_IRQHandler
                0x0000000008000948                SAI4_IRQHandler
                0x0000000008000948                I2C2_ER_IRQHandler
                0x0000000008000948                DMA2_Stream1_IRQHandler
                0x0000000008000948                FLASH_IRQHandler
                0x0000000008000948                DMA2_Stream4_IRQHandler
                0x0000000008000948                BusFault_Handler
                0x0000000008000948                OTG_FS_IRQHandler
                0x0000000008000948                SPI3_IRQHandler
                0x0000000008000948                WAKEUP_PIN_IRQHandler
                0x0000000008000948                OTG_FS_EP1_IN_IRQHandler
                0x0000000008000948                I2C1_ER_IRQHandler
                0x0000000008000948                FMC_IRQHandler
                0x0000000008000948                FDCAN_CAL_IRQHandler
                0x0000000008000948                SWPMI1_IRQHandler
                0x0000000008000948                COMP1_IRQHandler
                0x0000000008000948                LPTIM1_IRQHandler
                0x0000000008000948                I2C4_ER_IRQHandler
                0x0000000008000948                DMA2_Stream6_IRQHandler
                0x0000000008000948                RTC_Alarm_IRQHandler
 .text.Reset_Handler
                0x000000000800094c       0x4c build/startup_stm32h750xx.o
                0x000000000800094c                Reset_Handler
 .text._ZN7daisysp8ReverbScD2Ev
                0x0000000008000998        0x4 build/pluck.o
                0x0000000008000998                daisysp::ReverbSc::~ReverbSc()
                0x0000000008000998                daisysp::ReverbSc::~ReverbSc()
 .text._ZN5daisy9DaisySeedD2Ev
                0x000000000800099c        0x4 build/pluck.o
                0x000000000800099c                daisy::DaisySeed::~DaisySeed()
                0x000000000800099c                daisy::DaisySeed::~DaisySeed()
 .text._ZN5daisy11MidiHandlerINS_17MidiUartTransportEED2Ev
                0x00000000080009a0        0x4 build/pluck.o
                0x00000000080009a0                daisy::MidiHandler<daisy::MidiUartTransport>::~MidiHandler()
                0x00000000080009a0                daisy::MidiHandler<daisy::MidiUartTransport>::~MidiHandler()
 .text._ZN12VoiceManagerILj24EED2Ev
                0x00000000080009a4        0x4 build/pluck.o
                0x00000000080009a4                VoiceManager<24u>::~VoiceManager()
                0x00000000080009a4                VoiceManager<24u>::~VoiceManager()
 .text._ZL13AudioCallbackPKPKfPPfj
                0x00000000080009a8       0xf0 build/pluck.o
 .text._Z17HandleMidiMessageN5daisy9MidiEventE
                0x0000000008000a98      0x118 build/pluck.o
                0x0000000008000a98                HandleMidiMessage(daisy::MidiEvent)
 .text.startup.main
                0x0000000008000bb0      0x4c4 build/pluck.o
                0x0000000008000bb0                main
 .text.startup._GLOBAL__sub_I_midi
                0x0000000008001074       0xe4 build/pluck.o
 .text._ZN5daisy9DaisySeed9ConfigureEv
                0x0000000008001158        0x4 ../libdaisy/build/libdaisy.a(daisy_seed.o)
                0x0000000008001158                daisy::DaisySeed::Configure()
 .text._ZN5daisy9DaisySeed10StartAudioEPFvPKPKfPPfjE
                0x000000000800115c        0x8 ../libdaisy/build/libdaisy.a(daisy_seed.o)
                0x000000000800115c                daisy::DaisySeed::StartAudio(void (*)(float const* const*, float**, unsigned int))
 .text._ZN5daisy9DaisySeed15AudioSampleRateEv
                0x0000000008001164        0x8 ../libdaisy/build/libdaisy.a(daisy_seed.o)
                0x0000000008001164                daisy::DaisySeed::AudioSampleRate()
 .text._ZN5daisy9DaisySeed14ConfigureAudioEv
                0x000000000800116c       0xd0 ../libdaisy/build/libdaisy.a(daisy_seed.o)
                0x000000000800116c                daisy::DaisySeed::ConfigureAudio()
 .text._ZN5daisy9DaisySeed4InitEb
                0x000000000800123c       0xe0 ../libdaisy/build/libdaisy.a(daisy_seed.o)
                0x000000000800123c                daisy::DaisySeed::Init(bool)
 .text._ZN5daisy6Ak45564InitE12dsy_gpio_pin
                0x000000000800131c       0x44 ../libdaisy/build/libdaisy.a(codec_ak4556.o)
                0x000000000800131c                daisy::Ak4556::Init(dsy_gpio_pin)
 .text._ZN5daisy6Wm873120WriteControlRegisterEht
                0x0000000008001360       0x3c ../libdaisy/build/libdaisy.a(codec_wm8731.o)
                0x0000000008001360                daisy::Wm8731::WriteControlRegister(unsigned char, unsigned short)
 .text._ZN5daisy6Wm87314InitERKNS0_6ConfigENS_9I2CHandleE
                0x000000000800139c      0x1c0 ../libdaisy/build/libdaisy.a(codec_wm8731.o)
                0x000000000800139c                daisy::Wm8731::Init(daisy::Wm8731::Config const&, daisy::I2CHandle)
 .text._ZN11SdramHandle10DeviceInitEv
                0x000000000800155c       0xa8 ../libdaisy/build/libdaisy.a(sdram.o)
                0x000000000800155c                SdramHandle::DeviceInit()
 .text._ZN11SdramHandle4InitEv
                0x0000000008001604       0x84 ../libdaisy/build/libdaisy.a(sdram.o)
                0x0000000008001604                SdramHandle::Init()
 .text.HAL_SDRAM_MspInit
                0x0000000008001688      0x1a8 ../libdaisy/build/libdaisy.a(sdram.o)
                0x0000000008001688                HAL_SDRAM_MspInit
 .text._ZN5daisy11AudioHandle4Impl16InternalCallbackEPlS2_j
                0x0000000008001830      0xc14 ../libdaisy/build/libdaisy.a(audio.o)
                0x0000000008001830                daisy::AudioHandle::Impl::InternalCallback(long*, long*, unsigned int)
 .text._ZN5daisy11AudioHandle4InitERKNS0_6ConfigENS_9SaiHandleE
                0x0000000008002444       0x68 ../libdaisy/build/libdaisy.a(audio.o)
                0x0000000008002444                daisy::AudioHandle::Init(daisy::AudioHandle::Config const&, daisy::SaiHandle)
 .text._ZNK5daisy11AudioHandle9GetConfigEv
                0x00000000080024ac        0x8 ../libdaisy/build/libdaisy.a(audio.o)
                0x00000000080024ac                daisy::AudioHandle::GetConfig() const
 .text._ZN5daisy11AudioHandle13GetSampleRateEv
                0x00000000080024b4        0x8 ../libdaisy/build/libdaisy.a(audio.o)
                0x00000000080024b4                daisy::AudioHandle::GetSampleRate()
 .text._ZN5daisy11AudioHandle5StartEPFvPKPKfPPfjE
                0x00000000080024bc       0x44 ../libdaisy/build/libdaisy.a(audio.o)
                0x00000000080024bc                daisy::AudioHandle::Start(void (*)(float const* const*, float**, unsigned int))
 .text.startup._GLOBAL__sub_I__ZN5daisy11AudioHandle4Impl4InitENS0_6ConfigENS_9SaiHandleE
                0x0000000008002500       0x10 ../libdaisy/build/libdaisy.a(audio.o)
 .text.dsy_gpio_init
                0x0000000008002510      0x1b8 ../libdaisy/build/libdaisy.a(gpio.o)
                0x0000000008002510                dsy_gpio_init
 .text.dsy_gpio_read
                0x00000000080026c8       0x1c ../libdaisy/build/libdaisy.a(gpio.o)
                0x00000000080026c8                dsy_gpio_read
 .text.dsy_gpio_write
                0x00000000080026e4       0x24 ../libdaisy/build/libdaisy.a(gpio.o)
                0x00000000080026e4                dsy_gpio_write
 .text._ZN5daisy9I2CHandle4Impl8InitPinsEv
                0x0000000008002708       0x58 ../libdaisy/build/libdaisy.a(i2c.o)
                0x0000000008002708                daisy::I2CHandle::Impl::InitPins()
 .text.HAL_I2C_MspInit
                0x0000000008002760      0x1b4 ../libdaisy/build/libdaisy.a(i2c.o)
                0x0000000008002760                HAL_I2C_MspInit
 .text.dsy_i2c_global_init
                0x0000000008002914       0x8c ../libdaisy/build/libdaisy.a(i2c.o)
                0x0000000008002914                dsy_i2c_global_init
 .text.DMA1_Stream6_IRQHandler
                0x00000000080029a0       0x34 ../libdaisy/build/libdaisy.a(i2c.o)
                0x00000000080029a0                DMA1_Stream6_IRQHandler
 .text.I2C1_EV_IRQHandler
                0x00000000080029d4        0xc ../libdaisy/build/libdaisy.a(i2c.o)
                0x00000000080029d4                I2C1_EV_IRQHandler
 .text.I2C2_EV_IRQHandler
                0x00000000080029e0        0xc ../libdaisy/build/libdaisy.a(i2c.o)
                0x00000000080029e0                I2C2_EV_IRQHandler
 .text.I2C3_EV_IRQHandler
                0x00000000080029ec        0xc ../libdaisy/build/libdaisy.a(i2c.o)
                0x00000000080029ec                I2C3_EV_IRQHandler
 .text._ZN5daisy9I2CHandle4InitERKNS0_6ConfigE
                0x00000000080029f8      0x12c ../libdaisy/build/libdaisy.a(i2c.o)
                0x00000000080029f8                daisy::I2CHandle::Init(daisy::I2CHandle::Config const&)
 .text._ZN5daisy9I2CHandle16TransmitBlockingEtPhtm
                0x0000000008002b24       0x4c ../libdaisy/build/libdaisy.a(i2c.o)
                0x0000000008002b24                daisy::I2CHandle::TransmitBlocking(unsigned short, unsigned char*, unsigned short, unsigned long)
 .text.startup._GLOBAL__sub_I__ZN5daisy9I2CHandle4Impl10GlobalInitEv
                0x0000000008002b70       0x18 ../libdaisy/build/libdaisy.a(i2c.o)
 .text._ZN5daisy10QSPIHandle4Impl11WriteEnableEv
                0x0000000008002b88       0x8c ../libdaisy/build/libdaisy.a(qspi.o)
                0x0000000008002b88                daisy::QSPIHandle::Impl::WriteEnable()
 .text._ZN5daisy10QSPIHandle4Impl17DummyCyclesConfigENS0_6Config6DeviceE
                0x0000000008002c14      0x10c ../libdaisy/build/libdaisy.a(qspi.o)
                0x0000000008002c14                daisy::QSPIHandle::Impl::DummyCyclesConfig(daisy::QSPIHandle::Config::Device)
 .text._ZN5daisy10QSPIHandle4Impl10QuadEnableEv
                0x0000000008002d20      0x16c ../libdaisy/build/libdaisy.a(qspi.o)
                0x0000000008002d20                daisy::QSPIHandle::Impl::QuadEnable()
 .text._ZN5daisy10QSPIHandle4InitERKNS0_6ConfigE
                0x0000000008002e8c      0x1b0 ../libdaisy/build/libdaisy.a(qspi.o)
                0x0000000008002e8c                daisy::QSPIHandle::Init(daisy::QSPIHandle::Config const&)
 .text.HAL_QSPI_MspInit
                0x000000000800303c      0x11c ../libdaisy/build/libdaisy.a(qspi.o)
                0x000000000800303c                HAL_QSPI_MspInit
 .text.HAL_QSPI_MspDeInit
                0x0000000008003158       0x54 ../libdaisy/build/libdaisy.a(qspi.o)
                0x0000000008003158                HAL_QSPI_MspDeInit
 .text.QUADSPI_IRQHandler
                0x00000000080031ac        0xc ../libdaisy/build/libdaisy.a(qspi.o)
                0x00000000080031ac                QUADSPI_IRQHandler
 .text.startup._GLOBAL__sub_I__ZN5daisy10QSPIHandle4Impl4InitERKNS0_6ConfigE
                0x00000000080031b8       0x28 ../libdaisy/build/libdaisy.a(qspi.o)
 .text._ZN5daisy9SaiHandle4Impl7InitDmaENS1_15PeripheralBlockE
                0x00000000080031e0       0xa0 ../libdaisy/build/libdaisy.a(sai.o)
                0x00000000080031e0                daisy::SaiHandle::Impl::InitDma(daisy::SaiHandle::Impl::PeripheralBlock)
 .text._ZN5daisy9SaiHandle4Impl8InitPinsEv
                0x0000000008003280       0xa8 ../libdaisy/build/libdaisy.a(sai.o)
                0x0000000008003280                daisy::SaiHandle::Impl::InitPins()
 .text.HAL_SAI_MspInit
                0x0000000008003328      0x164 ../libdaisy/build/libdaisy.a(sai.o)
                0x0000000008003328                HAL_SAI_MspInit
 .text.DMA1_Stream0_IRQHandler
                0x000000000800348c        0xc ../libdaisy/build/libdaisy.a(sai.o)
                0x000000000800348c                DMA1_Stream0_IRQHandler
 .text.DMA1_Stream1_IRQHandler
                0x0000000008003498        0xc ../libdaisy/build/libdaisy.a(sai.o)
                0x0000000008003498                DMA1_Stream1_IRQHandler
 .text.DMA1_Stream3_IRQHandler
                0x00000000080034a4        0xc ../libdaisy/build/libdaisy.a(sai.o)
                0x00000000080034a4                DMA1_Stream3_IRQHandler
 .text.DMA1_Stream4_IRQHandler
                0x00000000080034b0        0xc ../libdaisy/build/libdaisy.a(sai.o)
                0x00000000080034b0                DMA1_Stream4_IRQHandler
 .text.HAL_SAI_RxHalfCpltCallback
                0x00000000080034bc       0x78 ../libdaisy/build/libdaisy.a(sai.o)
                0x00000000080034bc                HAL_SAI_RxHalfCpltCallback
 .text.HAL_SAI_RxCpltCallback
                0x0000000008003534       0x70 ../libdaisy/build/libdaisy.a(sai.o)
                0x0000000008003534                HAL_SAI_RxCpltCallback
 *fill*         0x00000000080035a4        0x4 
 .text._ZN5daisy9SaiHandle4InitERKNS0_6ConfigE
                0x00000000080035a8      0x1e0 ../libdaisy/build/libdaisy.a(sai.o)
                0x00000000080035a8                daisy::SaiHandle::Init(daisy::SaiHandle::Config const&)
 .text._ZNK5daisy9SaiHandle9GetConfigEv
                0x0000000008003788        0x4 ../libdaisy/build/libdaisy.a(sai.o)
                0x0000000008003788                daisy::SaiHandle::GetConfig() const
 .text._ZN5daisy9SaiHandle8StartDmaEPlS1_jPFvS1_S1_jE
                0x000000000800378c       0xbc ../libdaisy/build/libdaisy.a(sai.o)
                0x000000000800378c                daisy::SaiHandle::StartDma(long*, long*, unsigned int, void (*)(long*, long*, unsigned int))
 .text._ZN5daisy9SaiHandle13GetSampleRateEv
                0x0000000008003848       0x24 ../libdaisy/build/libdaisy.a(sai.o)
                0x0000000008003848                daisy::SaiHandle::GetSampleRate()
 .text._ZNK5daisy9SaiHandle9GetOffsetEv
                0x000000000800386c        0x8 ../libdaisy/build/libdaisy.a(sai.o)
                0x000000000800386c                daisy::SaiHandle::GetOffset() const
 .text._ZN5daisy11UartHandler4Impl8InitPinsEv
                0x0000000008003874      0x158 ../libdaisy/build/libdaisy.a(uart.o)
                0x0000000008003874                daisy::UartHandler::Impl::InitPins()
 .text._ZN5daisy11UartHandler4Impl14UARTRxCompleteEv
                0x00000000080039cc      0x100 ../libdaisy/build/libdaisy.a(uart.o)
                0x00000000080039cc                daisy::UartHandler::Impl::UARTRxComplete()
 .text.HAL_UART_RxCpltCallback
                0x0000000008003acc       0x98 ../libdaisy/build/libdaisy.a(uart.o)
                0x0000000008003acc                HAL_UART_RxCpltCallback
 .text.HAL_UART_ErrorCallback
                0x0000000008003b64       0x9c ../libdaisy/build/libdaisy.a(uart.o)
                0x0000000008003b64                HAL_UART_ErrorCallback
 .text.HAL_UART_MspInit
                0x0000000008003c00      0x298 ../libdaisy/build/libdaisy.a(uart.o)
                0x0000000008003c00                HAL_UART_MspInit
 .text.USART1_IRQHandler
                0x0000000008003e98       0xac ../libdaisy/build/libdaisy.a(uart.o)
                0x0000000008003e98                USART1_IRQHandler
 .text.USART2_IRQHandler
                0x0000000008003f44       0xb0 ../libdaisy/build/libdaisy.a(uart.o)
                0x0000000008003f44                USART2_IRQHandler
 .text.USART3_IRQHandler
                0x0000000008003ff4       0xb0 ../libdaisy/build/libdaisy.a(uart.o)
                0x0000000008003ff4                USART3_IRQHandler
 .text.UART4_IRQHandler
                0x00000000080040a4       0xb0 ../libdaisy/build/libdaisy.a(uart.o)
                0x00000000080040a4                UART4_IRQHandler
 .text.UART5_IRQHandler
                0x0000000008004154       0xb0 ../libdaisy/build/libdaisy.a(uart.o)
                0x0000000008004154                UART5_IRQHandler
 .text.USART6_IRQHandler
                0x0000000008004204       0xb0 ../libdaisy/build/libdaisy.a(uart.o)
                0x0000000008004204                USART6_IRQHandler
 .text.UART7_IRQHandler
                0x00000000080042b4       0xb0 ../libdaisy/build/libdaisy.a(uart.o)
                0x00000000080042b4                UART7_IRQHandler
 .text.UART8_IRQHandler
                0x0000000008004364       0xb0 ../libdaisy/build/libdaisy.a(uart.o)
                0x0000000008004364                UART8_IRQHandler
 .text.LPUART1_IRQHandler
                0x0000000008004414       0xb0 ../libdaisy/build/libdaisy.a(uart.o)
                0x0000000008004414                LPUART1_IRQHandler
 .text.DMA1_Stream5_IRQHandler
                0x00000000080044c4        0xc ../libdaisy/build/libdaisy.a(uart.o)
                0x00000000080044c4                DMA1_Stream5_IRQHandler
 .text._ZN5daisy11UartHandler4InitERKNS0_6ConfigE
                0x00000000080044d0      0x10c ../libdaisy/build/libdaisy.a(uart.o)
                0x00000000080044d0                daisy::UartHandler::Init(daisy::UartHandler::Config const&)
 .text._ZN5daisy11UartHandler7StartRxEv
                0x00000000080045dc       0x28 ../libdaisy/build/libdaisy.a(uart.o)
                0x00000000080045dc                daisy::UartHandler::StartRx()
 .text._ZN5daisy11UartHandler8RxActiveEv
                0x0000000008004604        0x8 ../libdaisy/build/libdaisy.a(uart.o)
                0x0000000008004604                daisy::UartHandler::RxActive()
 .text._ZN5daisy11UartHandler7FlushRxEv
                0x000000000800460c       0x10 ../libdaisy/build/libdaisy.a(uart.o)
                0x000000000800460c                daisy::UartHandler::FlushRx()
 .text._ZN5daisy11UartHandler5PopRxEv
                0x000000000800461c       0x28 ../libdaisy/build/libdaisy.a(uart.o)
                0x000000000800461c                daisy::UartHandler::PopRx()
 .text._ZN5daisy11UartHandler8ReadableEv
                0x0000000008004644       0x10 ../libdaisy/build/libdaisy.a(uart.o)
                0x0000000008004644                daisy::UartHandler::Readable()
 .text.startup._GLOBAL__sub_I__Z19MapInstanceToHandleP13USART_TypeDef
                0x0000000008004654      0x1bc ../libdaisy/build/libdaisy.a(uart.o)
 .text._ZN5daisy11TimerHandleD2Ev
                0x0000000008004810        0x4 ../libdaisy/build/libdaisy.a(system.o)
                0x0000000008004810                daisy::TimerHandle::~TimerHandle()
                0x0000000008004810                daisy::TimerHandle::~TimerHandle()
 .text.SysTick_Handler
                0x0000000008004814       0x10 ../libdaisy/build/libdaisy.a(system.o)
                0x0000000008004814                SysTick_Handler
 .text.OTG_HS_EP1_OUT_IRQHandler
                0x0000000008004824       0x24 ../libdaisy/build/libdaisy.a(system.o)
                0x0000000008004824                OTG_HS_EP1_OUT_IRQHandler
 .text.OTG_HS_EP1_IN_IRQHandler
                0x0000000008004848       0x24 ../libdaisy/build/libdaisy.a(system.o)
                0x0000000008004848                OTG_HS_EP1_IN_IRQHandler
 .text.OTG_HS_IRQHandler
                0x000000000800486c       0x24 ../libdaisy/build/libdaisy.a(system.o)
                0x000000000800486c                OTG_HS_IRQHandler
 .text.HardFault_Handler
                0x0000000008004890       0xdc ../libdaisy/build/libdaisy.a(system.o)
                0x0000000008004890                HardFault_Handler
 .text._ZN5daisy6System6GetNowEv
                0x000000000800496c        0x4 ../libdaisy/build/libdaisy.a(system.o)
                0x000000000800496c                daisy::System::GetNow()
 .text._ZN5daisy6System5DelayEm
                0x0000000008004970        0x4 ../libdaisy/build/libdaisy.a(system.o)
                0x0000000008004970                daisy::System::Delay(unsigned long)
 *fill*         0x0000000008004974        0x4 
 .text._ZN5daisy6System15ConfigureClocksEv
                0x0000000008004978      0x1c4 ../libdaisy/build/libdaisy.a(system.o)
                0x0000000008004978                daisy::System::ConfigureClocks()
 .text._ZN5daisy6System4InitERKNS0_6ConfigE
                0x0000000008004b3c      0x134 ../libdaisy/build/libdaisy.a(system.o)
                0x0000000008004b3c                daisy::System::Init(daisy::System::Config const&)
 .text._ZN5daisy6System12GetPClk1FreqEv
                0x0000000008004c70        0x4 ../libdaisy/build/libdaisy.a(system.o)
                0x0000000008004c70                daisy::System::GetPClk1Freq()
 .text._ZN5daisy6System22GetProgramMemoryRegionEv
                0x0000000008004c74       0x78 ../libdaisy/build/libdaisy.a(system.o)
                0x0000000008004c74                daisy::System::GetProgramMemoryRegion()
 .text.startup._GLOBAL__sub_I_SysTick_Handler
                0x0000000008004cec       0x1c ../libdaisy/build/libdaisy.a(system.o)
 .text.SystemInit
                0x0000000008004d08       0x98 ../libdaisy/build/libdaisy.a(system_stm32h7xx.o)
                0x0000000008004d08                SystemInit
 .text.HAL_PCD_SetupStageCallback
                0x0000000008004da0        0xc ../libdaisy/build/libdaisy.a(usbd_conf.o)
                0x0000000008004da0                HAL_PCD_SetupStageCallback
 .text.HAL_PCD_DataOutStageCallback
                0x0000000008004dac       0x14 ../libdaisy/build/libdaisy.a(usbd_conf.o)
                0x0000000008004dac                HAL_PCD_DataOutStageCallback
 .text.HAL_PCD_DataInStageCallback
                0x0000000008004dc0       0x14 ../libdaisy/build/libdaisy.a(usbd_conf.o)
                0x0000000008004dc0                HAL_PCD_DataInStageCallback
 .text.HAL_PCD_SOFCallback
                0x0000000008004dd4        0x8 ../libdaisy/build/libdaisy.a(usbd_conf.o)
                0x0000000008004dd4                HAL_PCD_SOFCallback
 .text.HAL_PCD_ResetCallback
                0x0000000008004ddc       0x24 ../libdaisy/build/libdaisy.a(usbd_conf.o)
                0x0000000008004ddc                HAL_PCD_ResetCallback
 .text.HAL_PCD_SuspendCallback
                0x0000000008004e00       0x30 ../libdaisy/build/libdaisy.a(usbd_conf.o)
                0x0000000008004e00                HAL_PCD_SuspendCallback
 .text.HAL_PCD_ResumeCallback
                0x0000000008004e30        0x8 ../libdaisy/build/libdaisy.a(usbd_conf.o)
                0x0000000008004e30                HAL_PCD_ResumeCallback
 .text.HAL_PCD_ISOOUTIncompleteCallback
                0x0000000008004e38        0x8 ../libdaisy/build/libdaisy.a(usbd_conf.o)
                0x0000000008004e38                HAL_PCD_ISOOUTIncompleteCallback
 .text.HAL_PCD_ISOINIncompleteCallback
                0x0000000008004e40        0x8 ../libdaisy/build/libdaisy.a(usbd_conf.o)
                0x0000000008004e40                HAL_PCD_ISOINIncompleteCallback
 .text.HAL_PCD_ConnectCallback
                0x0000000008004e48        0x8 ../libdaisy/build/libdaisy.a(usbd_conf.o)
                0x0000000008004e48                HAL_PCD_ConnectCallback
 .text.HAL_PCD_DisconnectCallback
                0x0000000008004e50        0x8 ../libdaisy/build/libdaisy.a(usbd_conf.o)
                0x0000000008004e50                HAL_PCD_DisconnectCallback
 .text.USBD_LL_OpenEP
                0x0000000008004e58       0x24 ../libdaisy/build/libdaisy.a(usbd_conf.o)
                0x0000000008004e58                USBD_LL_OpenEP
 .text.USBD_LL_StallEP
                0x0000000008004e7c       0x1c ../libdaisy/build/libdaisy.a(usbd_conf.o)
                0x0000000008004e7c                USBD_LL_StallEP
 .text.USBD_LL_ClearStallEP
                0x0000000008004e98       0x1c ../libdaisy/build/libdaisy.a(usbd_conf.o)
                0x0000000008004e98                USBD_LL_ClearStallEP
 .text.USBD_LL_IsStallEP
                0x0000000008004eb4       0x28 ../libdaisy/build/libdaisy.a(usbd_conf.o)
                0x0000000008004eb4                USBD_LL_IsStallEP
 .text.USBD_LL_SetUSBAddress
                0x0000000008004edc       0x1c ../libdaisy/build/libdaisy.a(usbd_conf.o)
                0x0000000008004edc                USBD_LL_SetUSBAddress
 .text.USBD_LL_Transmit
                0x0000000008004ef8       0x1c ../libdaisy/build/libdaisy.a(usbd_conf.o)
                0x0000000008004ef8                USBD_LL_Transmit
 .text.USBD_LL_PrepareReceive
                0x0000000008004f14       0x1c ../libdaisy/build/libdaisy.a(usbd_conf.o)
                0x0000000008004f14                USBD_LL_PrepareReceive
 .text.HAL_HCD_SOF_Callback
                0x0000000008004f30        0x8 ../libdaisy/build/libdaisy.a(usbh_conf.o)
                0x0000000008004f30                HAL_HCD_SOF_Callback
 .text.HAL_HCD_Connect_Callback
                0x0000000008004f38        0x8 ../libdaisy/build/libdaisy.a(usbh_conf.o)
                0x0000000008004f38                HAL_HCD_Connect_Callback
 .text.HAL_HCD_Disconnect_Callback
                0x0000000008004f40        0x8 ../libdaisy/build/libdaisy.a(usbh_conf.o)
                0x0000000008004f40                HAL_HCD_Disconnect_Callback
 .text.HAL_HCD_HC_NotifyURBChange_Callback
                0x0000000008004f48        0x4 ../libdaisy/build/libdaisy.a(usbh_conf.o)
                0x0000000008004f48                HAL_HCD_HC_NotifyURBChange_Callback
 .text.HAL_HCD_PortEnabled_Callback
                0x0000000008004f4c        0x8 ../libdaisy/build/libdaisy.a(usbh_conf.o)
                0x0000000008004f4c                HAL_HCD_PortEnabled_Callback
 .text.HAL_HCD_PortDisabled_Callback
                0x0000000008004f54        0x8 ../libdaisy/build/libdaisy.a(usbh_conf.o)
                0x0000000008004f54                HAL_HCD_PortDisabled_Callback
 .text.USBH_LL_Stop
                0x0000000008004f5c       0x1c ../libdaisy/build/libdaisy.a(usbh_conf.o)
                0x0000000008004f5c                USBH_LL_Stop
 .text.dsy_hal_map_get_port
                0x0000000008004f78       0x10 ../libdaisy/build/libdaisy.a(hal_map.o)
                0x0000000008004f78                dsy_hal_map_get_port
 .text.dsy_hal_map_get_pin
                0x0000000008004f88       0x10 ../libdaisy/build/libdaisy.a(hal_map.o)
                0x0000000008004f88                dsy_hal_map_get_pin
 .text.dsy_hal_map_gpio_clk_enable
                0x0000000008004f98      0x150 ../libdaisy/build/libdaisy.a(hal_map.o)
                0x0000000008004f98                dsy_hal_map_gpio_clk_enable
 .text.HAL_MspInit
                0x00000000080050e8        0x4 ../libdaisy/build/libdaisy.a(stm32h7xx_hal.o)
                0x00000000080050e8                HAL_MspInit
 .text.HAL_InitTick
                0x00000000080050ec       0x4c ../libdaisy/build/libdaisy.a(stm32h7xx_hal.o)
                0x00000000080050ec                HAL_InitTick
 .text.HAL_Init
                0x0000000008005138       0x60 ../libdaisy/build/libdaisy.a(stm32h7xx_hal.o)
                0x0000000008005138                HAL_Init
 .text.HAL_IncTick
                0x0000000008005198       0x18 ../libdaisy/build/libdaisy.a(stm32h7xx_hal.o)
                0x0000000008005198                HAL_IncTick
 .text.HAL_GetTick
                0x00000000080051b0        0xc ../libdaisy/build/libdaisy.a(stm32h7xx_hal.o)
                0x00000000080051b0                HAL_GetTick
 .text.HAL_Delay
                0x00000000080051bc       0x24 ../libdaisy/build/libdaisy.a(stm32h7xx_hal.o)
                0x00000000080051bc                HAL_Delay
 .text.HAL_GetREVID
                0x00000000080051e0        0xc ../libdaisy/build/libdaisy.a(stm32h7xx_hal.o)
                0x00000000080051e0                HAL_GetREVID
 .text.HAL_NVIC_SetPriorityGrouping
                0x00000000080051ec       0x28 ../libdaisy/build/libdaisy.a(stm32h7xx_hal_cortex.o)
                0x00000000080051ec                HAL_NVIC_SetPriorityGrouping
 .text.HAL_NVIC_SetPriority
                0x0000000008005214       0x74 ../libdaisy/build/libdaisy.a(stm32h7xx_hal_cortex.o)
                0x0000000008005214                HAL_NVIC_SetPriority
 .text.HAL_NVIC_EnableIRQ
                0x0000000008005288       0x1c ../libdaisy/build/libdaisy.a(stm32h7xx_hal_cortex.o)
                0x0000000008005288                HAL_NVIC_EnableIRQ
 .text.HAL_NVIC_DisableIRQ
                0x00000000080052a4       0x28 ../libdaisy/build/libdaisy.a(stm32h7xx_hal_cortex.o)
                0x00000000080052a4                HAL_NVIC_DisableIRQ
 .text.HAL_SYSTICK_Config
                0x00000000080052cc       0x30 ../libdaisy/build/libdaisy.a(stm32h7xx_hal_cortex.o)
                0x00000000080052cc                HAL_SYSTICK_Config
 .text.HAL_MPU_Disable
                0x00000000080052fc       0x20 ../libdaisy/build/libdaisy.a(stm32h7xx_hal_cortex.o)
                0x00000000080052fc                HAL_MPU_Disable
 .text.HAL_MPU_Enable
                0x000000000800531c       0x24 ../libdaisy/build/libdaisy.a(stm32h7xx_hal_cortex.o)
                0x000000000800531c                HAL_MPU_Enable
 .text.HAL_MPU_ConfigRegion
                0x0000000008005340       0x50 ../libdaisy/build/libdaisy.a(stm32h7xx_hal_cortex.o)
                0x0000000008005340                HAL_MPU_ConfigRegion
 .text.HAL_SYSTICK_Callback
                0x0000000008005390        0x4 ../libdaisy/build/libdaisy.a(stm32h7xx_hal_cortex.o)
                0x0000000008005390                HAL_SYSTICK_Callback
 .text.HAL_SYSTICK_IRQHandler
                0x0000000008005394        0x8 ../libdaisy/build/libdaisy.a(stm32h7xx_hal_cortex.o)
                0x0000000008005394                HAL_SYSTICK_IRQHandler
 .text.DMA_CalcBaseAndBitshift
                0x000000000800539c       0xf8 ../libdaisy/build/libdaisy.a(stm32h7xx_hal_dma.o)
 .text.DMA_CalcDMAMUXChannelBaseAndMask
                0x0000000008005494       0xd8 ../libdaisy/build/libdaisy.a(stm32h7xx_hal_dma.o)
 .text.HAL_DMA_Init
                0x000000000800556c      0x394 ../libdaisy/build/libdaisy.a(stm32h7xx_hal_dma.o)
                0x000000000800556c                HAL_DMA_Init
 .text.HAL_DMA_Start_IT
                0x0000000008005900      0x250 ../libdaisy/build/libdaisy.a(stm32h7xx_hal_dma.o)
                0x0000000008005900                HAL_DMA_Start_IT
 .text.HAL_DMA_Abort_IT
                0x0000000008005b50      0x13c ../libdaisy/build/libdaisy.a(stm32h7xx_hal_dma.o)
                0x0000000008005b50                HAL_DMA_Abort_IT
 .text.HAL_DMA_IRQHandler
                0x0000000008005c8c      0x6bc ../libdaisy/build/libdaisy.a(stm32h7xx_hal_dma.o)
                0x0000000008005c8c                HAL_DMA_IRQHandler
 .text.HAL_DMA_GetError
                0x0000000008006348        0x4 ../libdaisy/build/libdaisy.a(stm32h7xx_hal_dma.o)
                0x0000000008006348                HAL_DMA_GetError
 .text.HAL_GPIO_Init
                0x000000000800634c      0x248 ../libdaisy/build/libdaisy.a(stm32h7xx_hal_gpio.o)
                0x000000000800634c                HAL_GPIO_Init
 .text.HAL_GPIO_DeInit
                0x0000000008006594      0x19c ../libdaisy/build/libdaisy.a(stm32h7xx_hal_gpio.o)
                0x0000000008006594                HAL_GPIO_DeInit
 .text.HAL_GPIO_ReadPin
                0x0000000008006730        0xc ../libdaisy/build/libdaisy.a(stm32h7xx_hal_gpio.o)
                0x0000000008006730                HAL_GPIO_ReadPin
 .text.HAL_GPIO_WritePin
                0x000000000800673c        0x8 ../libdaisy/build/libdaisy.a(stm32h7xx_hal_gpio.o)
                0x000000000800673c                HAL_GPIO_WritePin
 .text.HAL_HCD_IRQHandler
                0x0000000008006744      0x784 ../libdaisy/build/libdaisy.a(stm32h7xx_hal_hcd.o)
                0x0000000008006744                HAL_HCD_IRQHandler
 .text.HAL_HCD_Stop
                0x0000000008006ec8       0x24 ../libdaisy/build/libdaisy.a(stm32h7xx_hal_hcd.o)
                0x0000000008006ec8                HAL_HCD_Stop
 .text.I2C_WaitOnTXISFlagUntilTimeout
                0x0000000008006eec       0xb8 ../libdaisy/build/libdaisy.a(stm32h7xx_hal_i2c.o)
 .text.I2C_WaitOnSTOPFlagUntilTimeout
                0x0000000008006fa4       0xac ../libdaisy/build/libdaisy.a(stm32h7xx_hal_i2c.o)
 .text.HAL_I2C_Init
                0x0000000008007050       0xa8 ../libdaisy/build/libdaisy.a(stm32h7xx_hal_i2c.o)
                0x0000000008007050                HAL_I2C_Init
 .text.HAL_I2C_Master_Transmit
                0x00000000080070f8      0x1b4 ../libdaisy/build/libdaisy.a(stm32h7xx_hal_i2c.o)
                0x00000000080070f8                HAL_I2C_Master_Transmit
 .text.HAL_I2C_Slave_Transmit
                0x00000000080072ac      0x1c4 ../libdaisy/build/libdaisy.a(stm32h7xx_hal_i2c.o)
                0x00000000080072ac                HAL_I2C_Slave_Transmit
 .text.HAL_I2C_EV_IRQHandler
                0x0000000008007470       0x10 ../libdaisy/build/libdaisy.a(stm32h7xx_hal_i2c.o)
                0x0000000008007470                HAL_I2C_EV_IRQHandler
 .text.HAL_I2C_GetState
                0x0000000008007480        0x8 ../libdaisy/build/libdaisy.a(stm32h7xx_hal_i2c.o)
                0x0000000008007480                HAL_I2C_GetState
 .text.HAL_I2CEx_ConfigAnalogFilter
                0x0000000008007488       0x58 ../libdaisy/build/libdaisy.a(stm32h7xx_hal_i2c_ex.o)
                0x0000000008007488                HAL_I2CEx_ConfigAnalogFilter
 .text.HAL_I2CEx_ConfigDigitalFilter
                0x00000000080074e0       0x54 ../libdaisy/build/libdaisy.a(stm32h7xx_hal_i2c_ex.o)
                0x00000000080074e0                HAL_I2CEx_ConfigDigitalFilter
 .text.HAL_PCD_IRQHandler
                0x0000000008007534      0x6bc ../libdaisy/build/libdaisy.a(stm32h7xx_hal_pcd.o)
                0x0000000008007534                HAL_PCD_IRQHandler
 .text.HAL_PCD_SetAddress
                0x0000000008007bf0       0x28 ../libdaisy/build/libdaisy.a(stm32h7xx_hal_pcd.o)
                0x0000000008007bf0                HAL_PCD_SetAddress
 .text.HAL_PCD_EP_Open
                0x0000000008007c18       0x74 ../libdaisy/build/libdaisy.a(stm32h7xx_hal_pcd.o)
                0x0000000008007c18                HAL_PCD_EP_Open
 .text.HAL_PCD_EP_Receive
                0x0000000008007c8c       0x50 ../libdaisy/build/libdaisy.a(stm32h7xx_hal_pcd.o)
                0x0000000008007c8c                HAL_PCD_EP_Receive
 .text.HAL_PCD_EP_Transmit
                0x0000000008007cdc       0x48 ../libdaisy/build/libdaisy.a(stm32h7xx_hal_pcd.o)
                0x0000000008007cdc                HAL_PCD_EP_Transmit
 .text.HAL_PCD_EP_SetStall
                0x0000000008007d24       0x88 ../libdaisy/build/libdaisy.a(stm32h7xx_hal_pcd.o)
                0x0000000008007d24                HAL_PCD_EP_SetStall
 .text.HAL_PCD_EP_ClrStall
                0x0000000008007dac       0x78 ../libdaisy/build/libdaisy.a(stm32h7xx_hal_pcd.o)
                0x0000000008007dac                HAL_PCD_EP_ClrStall
 .text.HAL_PCDEx_LPM_Callback
                0x0000000008007e24        0x4 ../libdaisy/build/libdaisy.a(stm32h7xx_hal_pcd_ex.o)
                0x0000000008007e24                HAL_PCDEx_LPM_Callback
 .text.HAL_PWREx_ConfigSupply
                0x0000000008007e28       0x4c ../libdaisy/build/libdaisy.a(stm32h7xx_hal_pwr_ex.o)
                0x0000000008007e28                HAL_PWREx_ConfigSupply
 .text.HAL_PWREx_EnableUSBVoltageDetector
                0x0000000008007e74       0x10 ../libdaisy/build/libdaisy.a(stm32h7xx_hal_pwr_ex.o)
                0x0000000008007e74                HAL_PWREx_EnableUSBVoltageDetector
 .text.QSPI_Config
                0x0000000008007e84      0x1d4 ../libdaisy/build/libdaisy.a(stm32h7xx_hal_qspi.o)
 .text.HAL_QSPI_Init
                0x0000000008008058       0xd8 ../libdaisy/build/libdaisy.a(stm32h7xx_hal_qspi.o)
                0x0000000008008058                HAL_QSPI_Init
 .text.HAL_QSPI_DeInit
                0x0000000008008130       0x3c ../libdaisy/build/libdaisy.a(stm32h7xx_hal_qspi.o)
                0x0000000008008130                HAL_QSPI_DeInit
 .text.HAL_QSPI_Command
                0x000000000800816c       0xd4 ../libdaisy/build/libdaisy.a(stm32h7xx_hal_qspi.o)
                0x000000000800816c                HAL_QSPI_Command
 .text.HAL_QSPI_Transmit
                0x0000000008008240       0xfc ../libdaisy/build/libdaisy.a(stm32h7xx_hal_qspi.o)
                0x0000000008008240                HAL_QSPI_Transmit
 .text.HAL_QSPI_Receive
                0x000000000800833c      0x108 ../libdaisy/build/libdaisy.a(stm32h7xx_hal_qspi.o)
                0x000000000800833c                HAL_QSPI_Receive
 .text.HAL_QSPI_AutoPolling
                0x0000000008008444       0xe8 ../libdaisy/build/libdaisy.a(stm32h7xx_hal_qspi.o)
                0x0000000008008444                HAL_QSPI_AutoPolling
 .text.HAL_QSPI_MemoryMapped
                0x000000000800852c       0xb8 ../libdaisy/build/libdaisy.a(stm32h7xx_hal_qspi.o)
                0x000000000800852c                HAL_QSPI_MemoryMapped
 .text.HAL_QSPI_ErrorCallback
                0x00000000080085e4        0x4 ../libdaisy/build/libdaisy.a(stm32h7xx_hal_qspi.o)
                0x00000000080085e4                HAL_QSPI_ErrorCallback
 .text.QSPI_DMAAbortCplt
                0x00000000080085e8       0x38 ../libdaisy/build/libdaisy.a(stm32h7xx_hal_qspi.o)
 .text.HAL_QSPI_AbortCpltCallback
                0x0000000008008620        0x4 ../libdaisy/build/libdaisy.a(stm32h7xx_hal_qspi.o)
                0x0000000008008620                HAL_QSPI_AbortCpltCallback
 .text.HAL_QSPI_CmdCpltCallback
                0x0000000008008624        0x4 ../libdaisy/build/libdaisy.a(stm32h7xx_hal_qspi.o)
                0x0000000008008624                HAL_QSPI_CmdCpltCallback
 .text.HAL_QSPI_RxCpltCallback
                0x0000000008008628        0x4 ../libdaisy/build/libdaisy.a(stm32h7xx_hal_qspi.o)
                0x0000000008008628                HAL_QSPI_RxCpltCallback
 .text.HAL_QSPI_TxCpltCallback
                0x000000000800862c        0x4 ../libdaisy/build/libdaisy.a(stm32h7xx_hal_qspi.o)
                0x000000000800862c                HAL_QSPI_TxCpltCallback
 .text.HAL_QSPI_FifoThresholdCallback
                0x0000000008008630        0x4 ../libdaisy/build/libdaisy.a(stm32h7xx_hal_qspi.o)
                0x0000000008008630                HAL_QSPI_FifoThresholdCallback
 .text.HAL_QSPI_StatusMatchCallback
                0x0000000008008634        0x4 ../libdaisy/build/libdaisy.a(stm32h7xx_hal_qspi.o)
                0x0000000008008634                HAL_QSPI_StatusMatchCallback
 .text.HAL_QSPI_TimeOutCallback
                0x0000000008008638        0x4 ../libdaisy/build/libdaisy.a(stm32h7xx_hal_qspi.o)
                0x0000000008008638                HAL_QSPI_TimeOutCallback
 .text.HAL_QSPI_IRQHandler
                0x000000000800863c      0x210 ../libdaisy/build/libdaisy.a(stm32h7xx_hal_qspi.o)
                0x000000000800863c                HAL_QSPI_IRQHandler
 .text.HAL_RCC_OscConfig
                0x000000000800884c      0x540 ../libdaisy/build/libdaisy.a(stm32h7xx_hal_rcc.o)
                0x000000000800884c                HAL_RCC_OscConfig
 .text.HAL_RCC_GetSysClockFreq
                0x0000000008008d8c      0x140 ../libdaisy/build/libdaisy.a(stm32h7xx_hal_rcc.o)
                0x0000000008008d8c                HAL_RCC_GetSysClockFreq
 .text.HAL_RCC_ClockConfig
                0x0000000008008ecc      0x234 ../libdaisy/build/libdaisy.a(stm32h7xx_hal_rcc.o)
                0x0000000008008ecc                HAL_RCC_ClockConfig
 .text.HAL_RCC_GetHCLKFreq
                0x0000000008009100       0x2c ../libdaisy/build/libdaisy.a(stm32h7xx_hal_rcc.o)
                0x0000000008009100                HAL_RCC_GetHCLKFreq
 .text.HAL_RCC_GetPCLK1Freq
                0x000000000800912c       0x38 ../libdaisy/build/libdaisy.a(stm32h7xx_hal_rcc.o)
                0x000000000800912c                HAL_RCC_GetPCLK1Freq
 .text.HAL_RCC_GetPCLK2Freq
                0x0000000008009164       0x38 ../libdaisy/build/libdaisy.a(stm32h7xx_hal_rcc.o)
                0x0000000008009164                HAL_RCC_GetPCLK2Freq
 .text.RCCEx_PLL2_Config
                0x000000000800919c       0xf8 ../libdaisy/build/libdaisy.a(stm32h7xx_hal_rcc_ex.o)
 .text.RCCEx_PLL3_Config
                0x0000000008009294       0xf8 ../libdaisy/build/libdaisy.a(stm32h7xx_hal_rcc_ex.o)
 .text.HAL_RCCEx_PeriphCLKConfig
                0x000000000800938c      0xa7c ../libdaisy/build/libdaisy.a(stm32h7xx_hal_rcc_ex.o)
                0x000000000800938c                HAL_RCCEx_PeriphCLKConfig
 .text.HAL_RCCEx_GetD3PCLK1Freq
                0x0000000008009e08       0x24 ../libdaisy/build/libdaisy.a(stm32h7xx_hal_rcc_ex.o)
                0x0000000008009e08                HAL_RCCEx_GetD3PCLK1Freq
 .text.HAL_RCCEx_GetPLL2ClockFreq
                0x0000000008009e2c      0x17c ../libdaisy/build/libdaisy.a(stm32h7xx_hal_rcc_ex.o)
                0x0000000008009e2c                HAL_RCCEx_GetPLL2ClockFreq
 .text.HAL_RCCEx_GetPLL3ClockFreq
                0x0000000008009fa8      0x17c ../libdaisy/build/libdaisy.a(stm32h7xx_hal_rcc_ex.o)
                0x0000000008009fa8                HAL_RCCEx_GetPLL3ClockFreq
 .text.HAL_RCCEx_GetPLL1ClockFreq
                0x000000000800a124      0x17c ../libdaisy/build/libdaisy.a(stm32h7xx_hal_rcc_ex.o)
                0x000000000800a124                HAL_RCCEx_GetPLL1ClockFreq
 .text.HAL_RCCEx_GetPeriphCLKFreq
                0x000000000800a2a0      0x198 ../libdaisy/build/libdaisy.a(stm32h7xx_hal_rcc_ex.o)
                0x000000000800a2a0                HAL_RCCEx_GetPeriphCLKFreq
 .text.HAL_RCCEx_GetD1SysClockFreq
                0x000000000800a438       0x2c ../libdaisy/build/libdaisy.a(stm32h7xx_hal_rcc_ex.o)
                0x000000000800a438                HAL_RCCEx_GetD1SysClockFreq
 .text.HAL_SAI_Init.part.0
                0x000000000800a464      0x364 ../libdaisy/build/libdaisy.a(stm32h7xx_hal_sai.o)
 .text.HAL_SAI_InitProtocol
                0x000000000800a7c8      0x184 ../libdaisy/build/libdaisy.a(stm32h7xx_hal_sai.o)
                0x000000000800a7c8                HAL_SAI_InitProtocol
 .text.HAL_SAI_Transmit_DMA
                0x000000000800a94c      0x124 ../libdaisy/build/libdaisy.a(stm32h7xx_hal_sai.o)
                0x000000000800a94c                HAL_SAI_Transmit_DMA
 .text.HAL_SAI_Receive_DMA
                0x000000000800aa70       0xcc ../libdaisy/build/libdaisy.a(stm32h7xx_hal_sai.o)
                0x000000000800aa70                HAL_SAI_Receive_DMA
 .text.HAL_SAI_TxCpltCallback
                0x000000000800ab3c        0x4 ../libdaisy/build/libdaisy.a(stm32h7xx_hal_sai.o)
                0x000000000800ab3c                HAL_SAI_TxCpltCallback
 .text.SAI_DMATxCplt
                0x000000000800ab40       0x60 ../libdaisy/build/libdaisy.a(stm32h7xx_hal_sai.o)
 .text.HAL_SAI_TxHalfCpltCallback
                0x000000000800aba0        0x4 ../libdaisy/build/libdaisy.a(stm32h7xx_hal_sai.o)
                0x000000000800aba0                HAL_SAI_TxHalfCpltCallback
 .text.SAI_DMATxHalfCplt
                0x000000000800aba4        0xc ../libdaisy/build/libdaisy.a(stm32h7xx_hal_sai.o)
 .text.SAI_DMARxCplt
                0x000000000800abb0       0x60 ../libdaisy/build/libdaisy.a(stm32h7xx_hal_sai.o)
 .text.SAI_DMARxHalfCplt
                0x000000000800ac10        0xc ../libdaisy/build/libdaisy.a(stm32h7xx_hal_sai.o)
 .text.HAL_SAI_ErrorCallback
                0x000000000800ac1c        0x4 ../libdaisy/build/libdaisy.a(stm32h7xx_hal_sai.o)
                0x000000000800ac1c                HAL_SAI_ErrorCallback
 .text.SAI_DMAError
                0x000000000800ac20       0x6c ../libdaisy/build/libdaisy.a(stm32h7xx_hal_sai.o)
 .text.HAL_SDRAM_Init
                0x000000000800ac8c       0x54 ../libdaisy/build/libdaisy.a(stm32h7xx_hal_sdram.o)
                0x000000000800ac8c                HAL_SDRAM_Init
 .text.HAL_SDRAM_SendCommand
                0x000000000800ace0       0x40 ../libdaisy/build/libdaisy.a(stm32h7xx_hal_sdram.o)
                0x000000000800ace0                HAL_SDRAM_SendCommand
 .text.HAL_SDRAM_ProgramRefreshRate
                0x000000000800ad20       0x30 ../libdaisy/build/libdaisy.a(stm32h7xx_hal_sdram.o)
                0x000000000800ad20                HAL_SDRAM_ProgramRefreshRate
 .text.HAL_UART_Receive_DMA
                0x000000000800ad50       0xa8 ../libdaisy/build/libdaisy.a(stm32h7xx_hal_uart.o)
                0x000000000800ad50                HAL_UART_Receive_DMA
 .text.HAL_UART_TxCpltCallback
                0x000000000800adf8        0x4 ../libdaisy/build/libdaisy.a(stm32h7xx_hal_uart.o)
                0x000000000800adf8                HAL_UART_TxCpltCallback
 .text.UART_DMAReceiveCplt
                0x000000000800adfc       0x38 ../libdaisy/build/libdaisy.a(stm32h7xx_hal_uart.o)
 .text.HAL_UART_RxHalfCpltCallback
                0x000000000800ae34        0x4 ../libdaisy/build/libdaisy.a(stm32h7xx_hal_uart.o)
                0x000000000800ae34                HAL_UART_RxHalfCpltCallback
 .text.UART_DMARxHalfCplt
                0x000000000800ae38        0xc ../libdaisy/build/libdaisy.a(stm32h7xx_hal_uart.o)
 .text.UART_DMAError
                0x000000000800ae44       0x78 ../libdaisy/build/libdaisy.a(stm32h7xx_hal_uart.o)
 .text.HAL_UART_IRQHandler
                0x000000000800aebc      0x1cc ../libdaisy/build/libdaisy.a(stm32h7xx_hal_uart.o)
                0x000000000800aebc                HAL_UART_IRQHandler
 .text.UART_DMAAbortOnError
                0x000000000800b088       0x14 ../libdaisy/build/libdaisy.a(stm32h7xx_hal_uart.o)
 *fill*         0x000000000800b09c        0x4 
 .text.UART_SetConfig
                0x000000000800b0a0     0x14dc ../libdaisy/build/libdaisy.a(stm32h7xx_hal_uart.o)
                0x000000000800b0a0                UART_SetConfig
 .text.UART_AdvFeatureConfig
                0x000000000800c57c       0xb0 ../libdaisy/build/libdaisy.a(stm32h7xx_hal_uart.o)
                0x000000000800c57c                UART_AdvFeatureConfig
 .text.UART_CheckIdleState
                0x000000000800c62c       0x84 ../libdaisy/build/libdaisy.a(stm32h7xx_hal_uart.o)
                0x000000000800c62c                UART_CheckIdleState
 .text.HAL_UART_Init
                0x000000000800c6b0       0x68 ../libdaisy/build/libdaisy.a(stm32h7xx_hal_uart.o)
                0x000000000800c6b0                HAL_UART_Init
 .text.HAL_UARTEx_WakeupCallback
                0x000000000800c718        0x4 ../libdaisy/build/libdaisy.a(stm32h7xx_hal_uart_ex.o)
                0x000000000800c718                HAL_UARTEx_WakeupCallback
 .text.HAL_UARTEx_RxFifoFullCallback
                0x000000000800c71c        0x4 ../libdaisy/build/libdaisy.a(stm32h7xx_hal_uart_ex.o)
                0x000000000800c71c                HAL_UARTEx_RxFifoFullCallback
 .text.HAL_UARTEx_TxFifoEmptyCallback
                0x000000000800c720        0x4 ../libdaisy/build/libdaisy.a(stm32h7xx_hal_uart_ex.o)
                0x000000000800c720                HAL_UARTEx_TxFifoEmptyCallback
 .text.HAL_UARTEx_DisableFifoMode
                0x000000000800c724       0x3c ../libdaisy/build/libdaisy.a(stm32h7xx_hal_uart_ex.o)
                0x000000000800c724                HAL_UARTEx_DisableFifoMode
 .text.HAL_UARTEx_SetTxFifoThreshold
                0x000000000800c760       0xac ../libdaisy/build/libdaisy.a(stm32h7xx_hal_uart_ex.o)
                0x000000000800c760                HAL_UARTEx_SetTxFifoThreshold
 .text.HAL_UARTEx_SetRxFifoThreshold
                0x000000000800c80c       0xac ../libdaisy/build/libdaisy.a(stm32h7xx_hal_uart_ex.o)
                0x000000000800c80c                HAL_UARTEx_SetRxFifoThreshold
 .text.FMC_SDRAM_Init
                0x000000000800c8b8       0x78 ../libdaisy/build/libdaisy.a(stm32h7xx_ll_fmc.o)
                0x000000000800c8b8                FMC_SDRAM_Init
 .text.FMC_SDRAM_Timing_Init
                0x000000000800c930       0x98 ../libdaisy/build/libdaisy.a(stm32h7xx_ll_fmc.o)
                0x000000000800c930                FMC_SDRAM_Timing_Init
 .text.FMC_SDRAM_SendCommand
                0x000000000800c9c8       0x24 ../libdaisy/build/libdaisy.a(stm32h7xx_ll_fmc.o)
                0x000000000800c9c8                FMC_SDRAM_SendCommand
 .text.FMC_SDRAM_ProgramRefreshRate
                0x000000000800c9ec       0x1c ../libdaisy/build/libdaisy.a(stm32h7xx_ll_fmc.o)
                0x000000000800c9ec                FMC_SDRAM_ProgramRefreshRate
 .text.USB_SetTurnaroundTime
                0x000000000800ca08      0x104 ../libdaisy/build/libdaisy.a(stm32h7xx_ll_usb.o)
                0x000000000800ca08                USB_SetTurnaroundTime
 .text.USB_FlushTxFifo
                0x000000000800cb0c       0x34 ../libdaisy/build/libdaisy.a(stm32h7xx_ll_usb.o)
                0x000000000800cb0c                USB_FlushTxFifo
 .text.USB_GetDevSpeed
                0x000000000800cb40       0x24 ../libdaisy/build/libdaisy.a(stm32h7xx_ll_usb.o)
                0x000000000800cb40                USB_GetDevSpeed
 .text.USB_ActivateEndpoint
                0x000000000800cb64       0x90 ../libdaisy/build/libdaisy.a(stm32h7xx_ll_usb.o)
                0x000000000800cb64                USB_ActivateEndpoint
 .text.USB_EPStartXfer
                0x000000000800cbf4      0x228 ../libdaisy/build/libdaisy.a(stm32h7xx_ll_usb.o)
                0x000000000800cbf4                USB_EPStartXfer
 .text.USB_EP0StartXfer
                0x000000000800ce1c      0x150 ../libdaisy/build/libdaisy.a(stm32h7xx_ll_usb.o)
                0x000000000800ce1c                USB_EP0StartXfer
 .text.USB_WritePacket
                0x000000000800cf6c       0x2c ../libdaisy/build/libdaisy.a(stm32h7xx_ll_usb.o)
                0x000000000800cf6c                USB_WritePacket
 .text.USB_ReadPacket
                0x000000000800cf98       0x24 ../libdaisy/build/libdaisy.a(stm32h7xx_ll_usb.o)
                0x000000000800cf98                USB_ReadPacket
 .text.USB_EPSetStall
                0x000000000800cfbc       0x68 ../libdaisy/build/libdaisy.a(stm32h7xx_ll_usb.o)
                0x000000000800cfbc                USB_EPSetStall
 .text.USB_EPClearStall
                0x000000000800d024       0x58 ../libdaisy/build/libdaisy.a(stm32h7xx_ll_usb.o)
                0x000000000800d024                USB_EPClearStall
 .text.USB_SetDevAddress
                0x000000000800d07c       0x24 ../libdaisy/build/libdaisy.a(stm32h7xx_ll_usb.o)
                0x000000000800d07c                USB_SetDevAddress
 .text.USB_ReadInterrupts
                0x000000000800d0a0       0x14 ../libdaisy/build/libdaisy.a(stm32h7xx_ll_usb.o)
                0x000000000800d0a0                USB_ReadInterrupts
 .text.USB_ReadDevAllOutEpInterrupt
                0x000000000800d0b4       0x1c ../libdaisy/build/libdaisy.a(stm32h7xx_ll_usb.o)
                0x000000000800d0b4                USB_ReadDevAllOutEpInterrupt
 .text.USB_ReadDevAllInEpInterrupt
                0x000000000800d0d0       0x1c ../libdaisy/build/libdaisy.a(stm32h7xx_ll_usb.o)
                0x000000000800d0d0                USB_ReadDevAllInEpInterrupt
 .text.USB_ReadDevOutEPInterrupt
                0x000000000800d0ec       0x1c ../libdaisy/build/libdaisy.a(stm32h7xx_ll_usb.o)
                0x000000000800d0ec                USB_ReadDevOutEPInterrupt
 .text.USB_ReadDevInEPInterrupt
                0x000000000800d108       0x3c ../libdaisy/build/libdaisy.a(stm32h7xx_ll_usb.o)
                0x000000000800d108                USB_ReadDevInEPInterrupt
 .text.USB_GetMode
                0x000000000800d144        0x8 ../libdaisy/build/libdaisy.a(stm32h7xx_ll_usb.o)
                0x000000000800d144                USB_GetMode
 .text.USB_ActivateSetup
                0x000000000800d14c       0x38 ../libdaisy/build/libdaisy.a(stm32h7xx_ll_usb.o)
                0x000000000800d14c                USB_ActivateSetup
 .text.USB_EP0_OutStart
                0x000000000800d184       0x58 ../libdaisy/build/libdaisy.a(stm32h7xx_ll_usb.o)
                0x000000000800d184                USB_EP0_OutStart
 .text.USB_InitFSLSPClkSel
                0x000000000800d1dc       0x50 ../libdaisy/build/libdaisy.a(stm32h7xx_ll_usb.o)
                0x000000000800d1dc                USB_InitFSLSPClkSel
 .text.USB_HC_ReadInterrupt
                0x000000000800d22c        0xc ../libdaisy/build/libdaisy.a(stm32h7xx_ll_usb.o)
                0x000000000800d22c                USB_HC_ReadInterrupt
 .text.USB_HC_Halt
                0x000000000800d238       0xc0 ../libdaisy/build/libdaisy.a(stm32h7xx_ll_usb.o)
                0x000000000800d238                USB_HC_Halt
 .text.USB_StopHost
                0x000000000800d2f8      0x2ec ../libdaisy/build/libdaisy.a(stm32h7xx_ll_usb.o)
                0x000000000800d2f8                USB_StopHost
 .text.USBD_SetClassConfig
                0x000000000800d5e4       0x14 ../libdaisy/build/libdaisy.a(usbd_core.o)
                0x000000000800d5e4                USBD_SetClassConfig
 .text.USBD_ClrClassConfig
                0x000000000800d5f8       0x10 ../libdaisy/build/libdaisy.a(usbd_core.o)
                0x000000000800d5f8                USBD_ClrClassConfig
 .text.USBD_LL_SetupStage
                0x000000000800d608       0x5c ../libdaisy/build/libdaisy.a(usbd_core.o)
                0x000000000800d608                USBD_LL_SetupStage
 .text.USBD_LL_DataOutStage
                0x000000000800d664       0x7c ../libdaisy/build/libdaisy.a(usbd_core.o)
                0x000000000800d664                USBD_LL_DataOutStage
 .text.USBD_LL_DataInStage
                0x000000000800d6e0       0xb8 ../libdaisy/build/libdaisy.a(usbd_core.o)
                0x000000000800d6e0                USBD_LL_DataInStage
 .text.USBD_LL_Reset
                0x000000000800d798       0x50 ../libdaisy/build/libdaisy.a(usbd_core.o)
                0x000000000800d798                USBD_LL_Reset
 .text.USBD_LL_SetSpeed
                0x000000000800d7e8        0x8 ../libdaisy/build/libdaisy.a(usbd_core.o)
                0x000000000800d7e8                USBD_LL_SetSpeed
 .text.USBD_LL_Suspend
                0x000000000800d7f0       0x14 ../libdaisy/build/libdaisy.a(usbd_core.o)
                0x000000000800d7f0                USBD_LL_Suspend
 .text.USBD_LL_Resume
                0x000000000800d804       0x10 ../libdaisy/build/libdaisy.a(usbd_core.o)
                0x000000000800d804                USBD_LL_Resume
 .text.USBD_LL_SOF
                0x000000000800d814       0x1c ../libdaisy/build/libdaisy.a(usbd_core.o)
                0x000000000800d814                USBD_LL_SOF
 .text.USBD_LL_IsoINIncomplete
                0x000000000800d830        0x4 ../libdaisy/build/libdaisy.a(usbd_core.o)
                0x000000000800d830                USBD_LL_IsoINIncomplete
 .text.USBD_LL_IsoOUTIncomplete
                0x000000000800d834        0x4 ../libdaisy/build/libdaisy.a(usbd_core.o)
                0x000000000800d834                USBD_LL_IsoOUTIncomplete
 .text.USBD_LL_DevConnected
                0x000000000800d838        0x4 ../libdaisy/build/libdaisy.a(usbd_core.o)
                0x000000000800d838                USBD_LL_DevConnected
 .text.USBD_LL_DevDisconnected
                0x000000000800d83c       0x18 ../libdaisy/build/libdaisy.a(usbd_core.o)
                0x000000000800d83c                USBD_LL_DevDisconnected
 .text.USBD_StdDevReq
                0x000000000800d854      0x30c ../libdaisy/build/libdaisy.a(usbd_ctlreq.o)
                0x000000000800d854                USBD_StdDevReq
 .text.USBD_StdItfReq
                0x000000000800db60       0x68 ../libdaisy/build/libdaisy.a(usbd_ctlreq.o)
                0x000000000800db60                USBD_StdItfReq
 .text.USBD_StdEPReq
                0x000000000800dbc8      0x134 ../libdaisy/build/libdaisy.a(usbd_ctlreq.o)
                0x000000000800dbc8                USBD_StdEPReq
 .text.USBD_ParseSetupRequest
                0x000000000800dcfc       0x28 ../libdaisy/build/libdaisy.a(usbd_ctlreq.o)
                0x000000000800dcfc                USBD_ParseSetupRequest
 .text.USBD_CtlSendData
                0x000000000800dd24       0x1c ../libdaisy/build/libdaisy.a(usbd_ioreq.o)
                0x000000000800dd24                USBD_CtlSendData
 .text.USBD_CtlContinueSendData
                0x000000000800dd40       0x14 ../libdaisy/build/libdaisy.a(usbd_ioreq.o)
                0x000000000800dd40                USBD_CtlContinueSendData
 .text.USBD_CtlContinueRx
                0x000000000800dd54       0x14 ../libdaisy/build/libdaisy.a(usbd_ioreq.o)
                0x000000000800dd54                USBD_CtlContinueRx
 .text.USBD_CtlSendStatus
                0x000000000800dd68       0x18 ../libdaisy/build/libdaisy.a(usbd_ioreq.o)
                0x000000000800dd68                USBD_CtlSendStatus
 .text.USBD_CtlReceiveStatus
                0x000000000800dd80       0x18 ../libdaisy/build/libdaisy.a(usbd_ioreq.o)
                0x000000000800dd80                USBD_CtlReceiveStatus
 .text.USBH_LL_IncTimer
                0x000000000800dd98       0x20 ../libdaisy/build/libdaisy.a(usbh_core.o)
                0x000000000800dd98                USBH_LL_IncTimer
 .text.USBH_LL_PortEnabled
                0x000000000800ddb8        0x8 ../libdaisy/build/libdaisy.a(usbh_core.o)
                0x000000000800ddb8                USBH_LL_PortEnabled
 .text.USBH_LL_PortDisabled
                0x000000000800ddc0        0x8 ../libdaisy/build/libdaisy.a(usbh_core.o)
                0x000000000800ddc0                USBH_LL_PortDisabled
 .text.USBH_LL_Connect
                0x000000000800ddc8       0x18 ../libdaisy/build/libdaisy.a(usbh_core.o)
                0x000000000800ddc8                USBH_LL_Connect
 .text.USBH_LL_Disconnect
                0x000000000800dde0       0x2c ../libdaisy/build/libdaisy.a(usbh_core.o)
                0x000000000800dde0                USBH_LL_Disconnect
 .text.USBH_FreePipe
                0x000000000800de0c       0x18 ../libdaisy/build/libdaisy.a(usbh_pipes.o)
                0x000000000800de0c                USBH_FreePipe
 .text._ZN5daisy6Random4InitEv
                0x000000000800de24       0x3c ../libdaisy/build/libdaisy.a(rng.o)
                0x000000000800de24                daisy::Random::Init()
 .text._ZN5daisy9SpiHandle4Impl7InitDmaEv
                0x000000000800de60       0xf8 ../libdaisy/build/libdaisy.a(spi.o)
                0x000000000800de60                daisy::SpiHandle::Impl::InitDma()
 .text._ZN5daisy9SpiHandle4Impl10StartDmaTxEPhjPFvPvEPFvS3_NS0_6ResultEES3_
                0x000000000800df58       0xc8 ../libdaisy/build/libdaisy.a(spi.o)
                0x000000000800df58                daisy::SpiHandle::Impl::StartDmaTx(unsigned char*, unsigned int, void (*)(void*), void (*)(void*, daisy::SpiHandle::Result), void*)
 .text._ZN5daisy9SpiHandle4Impl10StartDmaRxEPhjPFvPvEPFvS3_NS0_6ResultEES3_
                0x000000000800e020       0xc8 ../libdaisy/build/libdaisy.a(spi.o)
                0x000000000800e020                daisy::SpiHandle::Impl::StartDmaRx(unsigned char*, unsigned int, void (*)(void*), void (*)(void*, daisy::SpiHandle::Result), void*)
 .text._ZN5daisy9SpiHandle4Impl12StartDmaRxTxEPhS2_jPFvPvEPFvS3_NS0_6ResultEES3_
                0x000000000800e0e8       0xcc ../libdaisy/build/libdaisy.a(spi.o)
                0x000000000800e0e8                daisy::SpiHandle::Impl::StartDmaRxTx(unsigned char*, unsigned char*, unsigned int, void (*)(void*), void (*)(void*, daisy::SpiHandle::Result), void*)
 .text._ZN5daisy9SpiHandle4Impl8InitPinsEv
                0x000000000800e1b4      0x260 ../libdaisy/build/libdaisy.a(spi.o)
                0x000000000800e1b4                daisy::SpiHandle::Impl::InitPins()
 .text.HAL_SPI_MspInit
                0x000000000800e414      0x1a8 ../libdaisy/build/libdaisy.a(spi.o)
                0x000000000800e414                HAL_SPI_MspInit
 .text.dsy_spi_global_init
                0x000000000800e5bc       0x84 ../libdaisy/build/libdaisy.a(spi.o)
                0x000000000800e5bc                dsy_spi_global_init
 .text.SPI1_IRQHandler
                0x000000000800e640        0xc ../libdaisy/build/libdaisy.a(spi.o)
                0x000000000800e640                SPI1_IRQHandler
 .text.DMA2_Stream2_IRQHandler
                0x000000000800e64c       0x34 ../libdaisy/build/libdaisy.a(spi.o)
                0x000000000800e64c                DMA2_Stream2_IRQHandler
 .text.DMA2_Stream3_IRQHandler
                0x000000000800e680       0x38 ../libdaisy/build/libdaisy.a(spi.o)
                0x000000000800e680                DMA2_Stream3_IRQHandler
 .text.HAL_SPI_TxCpltCallback
                0x000000000800e6b8       0xb4 ../libdaisy/build/libdaisy.a(spi.o)
                0x000000000800e6b8                HAL_SPI_TxCpltCallback
 .text.HAL_SPI_RxCpltCallback
                0x000000000800e76c       0xb4 ../libdaisy/build/libdaisy.a(spi.o)
                0x000000000800e76c                HAL_SPI_RxCpltCallback
 .text.HAL_SPI_TxRxCpltCallback
                0x000000000800e820       0xb4 ../libdaisy/build/libdaisy.a(spi.o)
                0x000000000800e820                HAL_SPI_TxRxCpltCallback
 .text.HAL_SPI_ErrorCallback
                0x000000000800e8d4       0xb8 ../libdaisy/build/libdaisy.a(spi.o)
                0x000000000800e8d4                HAL_SPI_ErrorCallback
 .text.startup._GLOBAL__sub_I__Z19MapInstanceToHandleP11SPI_TypeDef
                0x000000000800e98c      0x1b0 ../libdaisy/build/libdaisy.a(spi.o)
 .text.HAL_TIM_Base_MspInit
                0x000000000800eb3c      0x158 ../libdaisy/build/libdaisy.a(tim.o)
                0x000000000800eb3c                HAL_TIM_Base_MspInit
 .text.HAL_TIM_PeriodElapsedCallback
                0x000000000800ec94       0x24 ../libdaisy/build/libdaisy.a(tim.o)
                0x000000000800ec94                HAL_TIM_PeriodElapsedCallback
 .text.TIM2_IRQHandler
                0x000000000800ecb8        0xc ../libdaisy/build/libdaisy.a(tim.o)
                0x000000000800ecb8                TIM2_IRQHandler
 .text.TIM3_IRQHandler
                0x000000000800ecc4        0xc ../libdaisy/build/libdaisy.a(tim.o)
                0x000000000800ecc4                TIM3_IRQHandler
 .text.TIM4_IRQHandler
                0x000000000800ecd0        0xc ../libdaisy/build/libdaisy.a(tim.o)
                0x000000000800ecd0                TIM4_IRQHandler
 .text.TIM5_IRQHandler
                0x000000000800ecdc        0xc ../libdaisy/build/libdaisy.a(tim.o)
                0x000000000800ecdc                TIM5_IRQHandler
 .text._ZN5daisy11TimerHandle4InitERKNS0_6ConfigE
                0x000000000800ece8       0xd0 ../libdaisy/build/libdaisy.a(tim.o)
                0x000000000800ece8                daisy::TimerHandle::Init(daisy::TimerHandle::Config const&)
 .text._ZN5daisy11TimerHandle5StartEv
                0x000000000800edb8       0x2c ../libdaisy/build/libdaisy.a(tim.o)
                0x000000000800edb8                daisy::TimerHandle::Start()
 .text.startup._GLOBAL__sub_I__ZN5daisy11TimerHandle4Impl4InitERKNS0_6ConfigE
                0x000000000800ede4       0x38 ../libdaisy/build/libdaisy.a(tim.o)
 .text.dsy_dma_init
                0x000000000800ee1c       0xf0 ../libdaisy/build/libdaisy.a(dma.o)
                0x000000000800ee1c                dsy_dma_init
 .text.HAL_MDMA_Abort_IT
                0x000000000800ef0c       0x2c ../libdaisy/build/libdaisy.a(stm32h7xx_hal_mdma.o)
                0x000000000800ef0c                HAL_MDMA_Abort_IT
 .text.SPI_CloseTransfer
                0x000000000800ef38       0xb8 ../libdaisy/build/libdaisy.a(stm32h7xx_hal_spi.o)
 .text.HAL_SPI_Init
                0x000000000800eff0      0x168 ../libdaisy/build/libdaisy.a(stm32h7xx_hal_spi.o)
                0x000000000800eff0                HAL_SPI_Init
 .text.HAL_SPI_Transmit_DMA
                0x000000000800f158      0x178 ../libdaisy/build/libdaisy.a(stm32h7xx_hal_spi.o)
                0x000000000800f158                HAL_SPI_Transmit_DMA
 .text.HAL_SPI_TransmitReceive_DMA
                0x000000000800f2d0      0x218 ../libdaisy/build/libdaisy.a(stm32h7xx_hal_spi.o)
                0x000000000800f2d0                HAL_SPI_TransmitReceive_DMA
 .text.HAL_SPI_Receive_DMA
                0x000000000800f4e8      0x1b0 ../libdaisy/build/libdaisy.a(stm32h7xx_hal_spi.o)
                0x000000000800f4e8                HAL_SPI_Receive_DMA
 .text.SPI_DMATransmitCplt
                0x000000000800f698       0x28 ../libdaisy/build/libdaisy.a(stm32h7xx_hal_spi.o)
 .text.SPI_DMAReceiveCplt
                0x000000000800f6c0       0x28 ../libdaisy/build/libdaisy.a(stm32h7xx_hal_spi.o)
 .text.SPI_DMATransmitReceiveCplt
                0x000000000800f6e8       0x28 ../libdaisy/build/libdaisy.a(stm32h7xx_hal_spi.o)
 .text.HAL_SPI_TxHalfCpltCallback
                0x000000000800f710        0x4 ../libdaisy/build/libdaisy.a(stm32h7xx_hal_spi.o)
                0x000000000800f710                HAL_SPI_TxHalfCpltCallback
 .text.SPI_DMAHalfTransmitCplt
                0x000000000800f714        0xc ../libdaisy/build/libdaisy.a(stm32h7xx_hal_spi.o)
 .text.HAL_SPI_RxHalfCpltCallback
                0x000000000800f720        0x4 ../libdaisy/build/libdaisy.a(stm32h7xx_hal_spi.o)
                0x000000000800f720                HAL_SPI_RxHalfCpltCallback
 .text.SPI_DMAHalfReceiveCplt
                0x000000000800f724        0xc ../libdaisy/build/libdaisy.a(stm32h7xx_hal_spi.o)
 .text.HAL_SPI_TxRxHalfCpltCallback
                0x000000000800f730        0x4 ../libdaisy/build/libdaisy.a(stm32h7xx_hal_spi.o)
                0x000000000800f730                HAL_SPI_TxRxHalfCpltCallback
 .text.SPI_DMAHalfTransmitReceiveCplt
                0x000000000800f734        0xc ../libdaisy/build/libdaisy.a(stm32h7xx_hal_spi.o)
 .text.SPI_DMAError
                0x000000000800f740       0xd8 ../libdaisy/build/libdaisy.a(stm32h7xx_hal_spi.o)
 .text.HAL_SPI_IRQHandler
                0x000000000800f818      0x240 ../libdaisy/build/libdaisy.a(stm32h7xx_hal_spi.o)
                0x000000000800f818                HAL_SPI_IRQHandler
 .text.SPI_DMAAbortOnError
                0x000000000800fa58       0x1c ../libdaisy/build/libdaisy.a(stm32h7xx_hal_spi.o)
 .text.HAL_SPI_GetState
                0x000000000800fa74        0x8 ../libdaisy/build/libdaisy.a(stm32h7xx_hal_spi.o)
                0x000000000800fa74                HAL_SPI_GetState
 .text.HAL_TIM_Base_Init
                0x000000000800fa7c      0x130 ../libdaisy/build/libdaisy.a(stm32h7xx_hal_tim.o)
                0x000000000800fa7c                HAL_TIM_Base_Init
 .text.HAL_TIM_Base_Start
                0x000000000800fbac       0x38 ../libdaisy/build/libdaisy.a(stm32h7xx_hal_tim.o)
                0x000000000800fbac                HAL_TIM_Base_Start
 .text.HAL_TIM_Base_Start_IT
                0x000000000800fbe4       0x2c ../libdaisy/build/libdaisy.a(stm32h7xx_hal_tim.o)
                0x000000000800fbe4                HAL_TIM_Base_Start_IT
 .text.HAL_TIM_ConfigClockSource
                0x000000000800fc10      0x17c ../libdaisy/build/libdaisy.a(stm32h7xx_hal_tim.o)
                0x000000000800fc10                HAL_TIM_ConfigClockSource
 .text.HAL_TIM_OC_DelayElapsedCallback
                0x000000000800fd8c        0x4 ../libdaisy/build/libdaisy.a(stm32h7xx_hal_tim.o)
                0x000000000800fd8c                HAL_TIM_OC_DelayElapsedCallback
 .text.HAL_TIM_IC_CaptureCallback
                0x000000000800fd90        0x4 ../libdaisy/build/libdaisy.a(stm32h7xx_hal_tim.o)
                0x000000000800fd90                HAL_TIM_IC_CaptureCallback
 .text.HAL_TIM_PWM_PulseFinishedCallback
                0x000000000800fd94        0x4 ../libdaisy/build/libdaisy.a(stm32h7xx_hal_tim.o)
                0x000000000800fd94                HAL_TIM_PWM_PulseFinishedCallback
 .text.HAL_TIM_TriggerCallback
                0x000000000800fd98        0x4 ../libdaisy/build/libdaisy.a(stm32h7xx_hal_tim.o)
                0x000000000800fd98                HAL_TIM_TriggerCallback
 .text.HAL_TIM_IRQHandler
                0x000000000800fd9c      0x170 ../libdaisy/build/libdaisy.a(stm32h7xx_hal_tim.o)
                0x000000000800fd9c                HAL_TIM_IRQHandler
 .text.HAL_TIMEx_MasterConfigSynchronization
                0x000000000800ff0c       0x60 ../libdaisy/build/libdaisy.a(stm32h7xx_hal_tim_ex.o)
                0x000000000800ff0c                HAL_TIMEx_MasterConfigSynchronization
 .text.HAL_TIMEx_CommutCallback
                0x000000000800ff6c        0x4 ../libdaisy/build/libdaisy.a(stm32h7xx_hal_tim_ex.o)
                0x000000000800ff6c                HAL_TIMEx_CommutCallback
 .text.HAL_TIMEx_BreakCallback
                0x000000000800ff70        0x4 ../libdaisy/build/libdaisy.a(stm32h7xx_hal_tim_ex.o)
                0x000000000800ff70                HAL_TIMEx_BreakCallback
 .text.HAL_TIMEx_Break2Callback
                0x000000000800ff74        0x4 ../libdaisy/build/libdaisy.a(stm32h7xx_hal_tim_ex.o)
                0x000000000800ff74                HAL_TIMEx_Break2Callback
 .text._ZN7daisysp4Adsr4InitEfi
                0x000000000800ff78       0xe0 ../DaisySP/build/libdaisysp.a(adsr.o)
                0x000000000800ff78                daisysp::Adsr::Init(float, int)
 .text._ZN7daisysp4Adsr7SetTimeEif
                0x0000000008010058      0x110 ../DaisySP/build/libdaisysp.a(adsr.o)
                0x0000000008010058                daisysp::Adsr::SetTime(int, float)
 .text._ZN7daisysp4Adsr7ProcessEb
                0x0000000008010168       0xb0 ../DaisySP/build/libdaisysp.a(adsr.o)
                0x0000000008010168                daisysp::Adsr::Process(bool)
 .text._ZN7daisysp8ReverbSc17NextRandomLinesegEPNS_10ReverbScDlEi
                0x0000000008010218       0xfc ../DaisySP/build/libdaisysp.a(reverbsc.o)
                0x0000000008010218                daisysp::ReverbSc::NextRandomLineseg(daisysp::ReverbScDl*, int)
 *fill*         0x0000000008010314        0x4 
 .text._ZN7daisysp8ReverbSc4InitEf
                0x0000000008010318      0x178 ../DaisySP/build/libdaisysp.a(reverbsc.o)
                0x0000000008010318                daisysp::ReverbSc::Init(float)
 .text._ZN7daisysp8ReverbSc7ProcessERKfS2_PfS3_
                0x0000000008010490      0x2ec ../DaisySP/build/libdaisysp.a(reverbsc.o)
                0x0000000008010490                daisysp::ReverbSc::Process(float const&, float const&, float*, float*)
 .text._ZN7daisysp3Svf4InitEf
                0x000000000801077c       0x4c ../DaisySP/build/libdaisysp.a(svf.o)
                0x000000000801077c                daisysp::Svf::Init(float)
 .text._ZN7daisysp3Svf7ProcessEf
                0x00000000080107c8       0xc0 ../DaisySP/build/libdaisysp.a(svf.o)
                0x00000000080107c8                daisysp::Svf::Process(float)
 .text._ZN7daisysp3Svf7SetFreqEf
                0x0000000008010888       0xc8 ../DaisySP/build/libdaisysp.a(svf.o)
                0x0000000008010888                daisysp::Svf::SetFreq(float)
 .text._ZN7daisysp3Svf6SetResEf
                0x0000000008010950       0x8c ../DaisySP/build/libdaisysp.a(svf.o)
                0x0000000008010950                daisysp::Svf::SetRes(float)
 .text._ZN7daisysp3Svf8SetDriveEf
                0x00000000080109dc       0x34 ../DaisySP/build/libdaisysp.a(svf.o)
                0x00000000080109dc                daisysp::Svf::SetDrive(float)
 .text._ZN7daisysp10Oscillator7ProcessEv
                0x0000000008010a10      0x3c4 ../DaisySP/build/libdaisysp.a(oscillator.o)
                0x0000000008010a10                daisysp::Oscillator::Process()
 .text._ZN7daisysp10Oscillator12CalcPhaseIncEf
                0x0000000008010dd4       0x18 ../DaisySP/build/libdaisysp.a(oscillator.o)
                0x0000000008010dd4                daisysp::Oscillator::CalcPhaseInc(float)
 .text.__aeabi_atexit
                0x0000000008010dec        0xa /usr/local/Cellar/arm-none-eabi-gcc/9-2019-q4-major/gcc/bin/../lib/gcc/arm-none-eabi/9.2.1/../../../../arm-none-eabi/lib/thumb/v7e-m+dp/hard/libstdc++_nano.a(atexit_arm.o)
                0x0000000008010dec                __aeabi_atexit
 *fill*         0x0000000008010df6        0x2 
 .text.cosf     0x0000000008010df8      0x1fc /usr/local/Cellar/arm-none-eabi-gcc/9-2019-q4-major/gcc/bin/../lib/gcc/arm-none-eabi/9.2.1/../../../../arm-none-eabi/lib/thumb/v7e-m+dp/hard/libm.a(lib_a-cosf.o)
                0x0000000008010df8                cosf
 .text.with_errnof
                0x0000000008010ff4       0x18 /usr/local/Cellar/arm-none-eabi-gcc/9-2019-q4-major/gcc/bin/../lib/gcc/arm-none-eabi/9.2.1/../../../../arm-none-eabi/lib/thumb/v7e-m+dp/hard/libm.a(lib_a-math_errf.o)
 .text.xflowf   0x000000000801100c       0x20 /usr/local/Cellar/arm-none-eabi-gcc/9-2019-q4-major/gcc/bin/../lib/gcc/arm-none-eabi/9.2.1/../../../../arm-none-eabi/lib/thumb/v7e-m+dp/hard/libm.a(lib_a-math_errf.o)
 .text.__math_uflowf
                0x000000000801102c        0xc /usr/local/Cellar/arm-none-eabi-gcc/9-2019-q4-major/gcc/bin/../lib/gcc/arm-none-eabi/9.2.1/../../../../arm-none-eabi/lib/thumb/v7e-m+dp/hard/libm.a(lib_a-math_errf.o)
                0x000000000801102c                __math_uflowf
 .text.__math_may_uflowf
                0x0000000008011038        0xc /usr/local/Cellar/arm-none-eabi-gcc/9-2019-q4-major/gcc/bin/../lib/gcc/arm-none-eabi/9.2.1/../../../../arm-none-eabi/lib/thumb/v7e-m+dp/hard/libm.a(lib_a-math_errf.o)
                0x0000000008011038                __math_may_uflowf
 .text.__math_oflowf
                0x0000000008011044        0xc /usr/local/Cellar/arm-none-eabi-gcc/9-2019-q4-major/gcc/bin/../lib/gcc/arm-none-eabi/9.2.1/../../../../arm-none-eabi/lib/thumb/v7e-m+dp/hard/libm.a(lib_a-math_errf.o)
                0x0000000008011044                __math_oflowf
 .text.__math_divzerof
                0x0000000008011050       0x24 /usr/local/Cellar/arm-none-eabi-gcc/9-2019-q4-major/gcc/bin/../lib/gcc/arm-none-eabi/9.2.1/../../../../arm-none-eabi/lib/thumb/v7e-m+dp/hard/libm.a(lib_a-math_errf.o)
                0x0000000008011050                __math_divzerof
 .text.__math_invalidf
                0x0000000008011074       0x20 /usr/local/Cellar/arm-none-eabi-gcc/9-2019-q4-major/gcc/bin/../lib/gcc/arm-none-eabi/9.2.1/../../../../arm-none-eabi/lib/thumb/v7e-m+dp/hard/libm.a(lib_a-math_errf.o)
                0x0000000008011074                __math_invalidf
 .text.expf     0x0000000008011094       0xe4 /usr/local/Cellar/arm-none-eabi-gcc/9-2019-q4-major/gcc/bin/../lib/gcc/arm-none-eabi/9.2.1/../../../../arm-none-eabi/lib/thumb/v7e-m+dp/hard/libm.a(lib_a-sf_exp.o)
                0x0000000008011094                expf
 .text.powf     0x0000000008011178      0x348 /usr/local/Cellar/arm-none-eabi-gcc/9-2019-q4-major/gcc/bin/../lib/gcc/arm-none-eabi/9.2.1/../../../../arm-none-eabi/lib/thumb/v7e-m+dp/hard/libm.a(lib_a-sf_pow.o)
                0x0000000008011178                powf
 .text.sinf     0x00000000080114c0      0x214 /usr/local/Cellar/arm-none-eabi-gcc/9-2019-q4-major/gcc/bin/../lib/gcc/arm-none-eabi/9.2.1/../../../../arm-none-eabi/lib/thumb/v7e-m+dp/hard/libm.a(lib_a-sinf.o)
                0x00000000080114c0                sinf
 *fill*         0x00000000080116d4        0x4 
 .text.fmodf    0x00000000080116d8       0xb8 /usr/local/Cellar/arm-none-eabi-gcc/9-2019-q4-major/gcc/bin/../lib/gcc/arm-none-eabi/9.2.1/../../../../arm-none-eabi/lib/thumb/v7e-m+dp/hard/libm.a(lib_a-wf_fmod.o)
                0x00000000080116d8                fmodf
 .text.sqrtf    0x0000000008011790       0xb8 /usr/local/Cellar/arm-none-eabi-gcc/9-2019-q4-major/gcc/bin/../lib/gcc/arm-none-eabi/9.2.1/../../../../arm-none-eabi/lib/thumb/v7e-m+dp/hard/libm.a(lib_a-wf_sqrt.o)
                0x0000000008011790                sqrtf
 .text.__ieee754_fmodf
                0x0000000008011848      0x120 /usr/local/Cellar/arm-none-eabi-gcc/9-2019-q4-major/gcc/bin/../lib/gcc/arm-none-eabi/9.2.1/../../../../arm-none-eabi/lib/thumb/v7e-m+dp/hard/libm.a(lib_a-ef_fmod.o)
                0x0000000008011848                __ieee754_fmodf
 .text.__ieee754_sqrtf
                0x0000000008011968        0x8 /usr/local/Cellar/arm-none-eabi-gcc/9-2019-q4-major/gcc/bin/../lib/gcc/arm-none-eabi/9.2.1/../../../../arm-none-eabi/lib/thumb/v7e-m+dp/hard/libm.a(lib_a-ef_sqrt.o)
                0x0000000008011968                __ieee754_sqrtf
 .text.matherr  0x0000000008011970        0x4 /usr/local/Cellar/arm-none-eabi-gcc/9-2019-q4-major/gcc/bin/../lib/gcc/arm-none-eabi/9.2.1/../../../../arm-none-eabi/lib/thumb/v7e-m+dp/hard/libm.a(lib_a-s_matherr.o)
                0x0000000008011970                matherr
 .text.__cxa_atexit
                0x0000000008011974       0x1c /usr/local/Cellar/arm-none-eabi-gcc/9-2019-q4-major/gcc/bin/../lib/gcc/arm-none-eabi/9.2.1/../../../../arm-none-eabi/lib/thumb/v7e-m+dp/hard/libc_nano.a(lib_a-cxa_atexit.o)
                0x0000000008011974                __cxa_atexit
 .text.__errno  0x0000000008011990        0xc /usr/local/Cellar/arm-none-eabi-gcc/9-2019-q4-major/gcc/bin/../lib/gcc/arm-none-eabi/9.2.1/../../../../arm-none-eabi/lib/thumb/v7e-m+dp/hard/libc_nano.a(lib_a-errno.o)
                0x0000000008011990                __errno
 .text.__libc_init_array
                0x000000000801199c       0x48 /usr/local/Cellar/arm-none-eabi-gcc/9-2019-q4-major/gcc/bin/../lib/gcc/arm-none-eabi/9.2.1/../../../../arm-none-eabi/lib/thumb/v7e-m+dp/hard/libc_nano.a(lib_a-init.o)
                0x000000000801199c                __libc_init_array
 .text.memcpy   0x00000000080119e4       0x1c /usr/local/Cellar/arm-none-eabi-gcc/9-2019-q4-major/gcc/bin/../lib/gcc/arm-none-eabi/9.2.1/../../../../arm-none-eabi/lib/thumb/v7e-m+dp/hard/libc_nano.a(lib_a-memcpy-stub.o)
                0x00000000080119e4                memcpy
 .text.memset   0x0000000008011a00       0x10 /usr/local/Cellar/arm-none-eabi-gcc/9-2019-q4-major/gcc/bin/../lib/gcc/arm-none-eabi/9.2.1/../../../../arm-none-eabi/lib/thumb/v7e-m+dp/hard/libc_nano.a(lib_a-memset.o)
                0x0000000008011a00                memset
 *(.rodata)
 .rodata        0x0000000008011a10        0x6 build/pluck.o
 *fill*         0x0000000008011a16        0x2 
 .rodata        0x0000000008011a18       0x10 ../libdaisy/build/libdaisy.a(i2c.o)
 .rodata        0x0000000008011a28       0x36 ../libdaisy/build/libdaisy.a(uart.o)
 *fill*         0x0000000008011a5e        0x2 
 .rodata        0x0000000008011a60        0x8 ../libdaisy/build/libdaisy.a(stm32h7xx_hal_uart_ex.o)
 .rodata        0x0000000008011a68       0x18 ../libdaisy/build/libdaisy.a(spi.o)
 .rodata        0x0000000008011a80       0x10 ../libdaisy/build/libdaisy.a(tim.o)
 *(.rodata*)
 .rodata.CSWTCH.35
                0x0000000008011a90        0x3 ../libdaisy/build/libdaisy.a(sai.o)
 *fill*         0x0000000008011a93        0x1 
 .rodata.CSWTCH.36
                0x0000000008011a94        0xc ../libdaisy/build/libdaisy.a(sai.o)
 .rodata.CSWTCH.44
                0x0000000008011aa0       0x14 ../libdaisy/build/libdaisy.a(sai.o)
 .rodata.CSWTCH.64
                0x0000000008011ab4       0x24 ../libdaisy/build/libdaisy.a(uart.o)
 .rodata.CSWTCH.65
                0x0000000008011ad8        0xc ../libdaisy/build/libdaisy.a(uart.o)
 .rodata.CSWTCH.66
                0x0000000008011ae4       0x10 ../libdaisy/build/libdaisy.a(uart.o)
 .rodata.CSWTCH.67
                0x0000000008011af4        0xc ../libdaisy/build/libdaisy.a(uart.o)
 .rodata.D1CorePrescTable
                0x0000000008011b00       0x10 ../libdaisy/build/libdaisy.a(system_stm32h7xx.o)
                0x0000000008011b00                D1CorePrescTable
 .rodata.CSWTCH.24
                0x0000000008011b10        0x4 ../libdaisy/build/libdaisy.a(usbd_conf.o)
 .rodata.CSWTCH.19
                0x0000000008011b14        0x4 ../libdaisy/build/libdaisy.a(usbh_conf.o)
 .rodata.gpio_hal_pin_map
                0x0000000008011b18       0x20 ../libdaisy/build/libdaisy.a(hal_map.o)
 .rodata.gpio_hal_port_map
                0x0000000008011b38       0x30 ../libdaisy/build/libdaisy.a(hal_map.o)
 .rodata.flagBitshiftOffset.17899
                0x0000000008011b68        0x8 ../libdaisy/build/libdaisy.a(stm32h7xx_hal_dma.o)
 .rodata.CSWTCH.418
                0x0000000008011b70       0x29 ../libdaisy/build/libdaisy.a(stm32h7xx_hal_uart.o)
 *fill*         0x0000000008011b99        0x3 
 .rodata.CSWTCH.419
                0x0000000008011b9c        0x6 ../libdaisy/build/libdaisy.a(stm32h7xx_hal_uart.o)
 *fill*         0x0000000008011ba2        0x2 
 .rodata.CSWTCH.426
                0x0000000008011ba4        0x6 ../libdaisy/build/libdaisy.a(stm32h7xx_hal_uart.o)
 *fill*         0x0000000008011baa        0x2 
 .rodata.HAL_UARTEx_EnableFifoMode.str1.4
                0x0000000008011bac        0x9 ../libdaisy/build/libdaisy.a(stm32h7xx_hal_uart_ex.o)
 *fill*         0x0000000008011bb5        0x3 
 .rodata._ZL13pins_none_spi
                0x0000000008011bb8        0x3 ../libdaisy/build/libdaisy.a(spi.o)
 *fill*         0x0000000008011bbb        0x1 
 .rodata._ZL16pins_periphs_spi
                0x0000000008011bbc       0x60 ../libdaisy/build/libdaisy.a(spi.o)
 .rodata._ZL13kReverbParams
                0x0000000008011c1c       0x80 ../DaisySP/build/libdaisysp.a(reverbsc.o)
 *fill*         0x0000000008011c9c        0x4 
 .rodata.__exp2f_data
                0x0000000008011ca0      0x148 /usr/local/Cellar/arm-none-eabi-gcc/9-2019-q4-major/gcc/bin/../lib/gcc/arm-none-eabi/9.2.1/../../../../arm-none-eabi/lib/thumb/v7e-m+dp/hard/libm.a(lib_a-sf_exp2_data.o)
                0x0000000008011ca0                __exp2f_data
 .rodata.__powf_log2_data
                0x0000000008011de8      0x128 /usr/local/Cellar/arm-none-eabi-gcc/9-2019-q4-major/gcc/bin/../lib/gcc/arm-none-eabi/9.2.1/../../../../arm-none-eabi/lib/thumb/v7e-m+dp/hard/libm.a(lib_a-sf_pow_log2_data.o)